Archive member included to satisfy reference by file (symbol)

d:/mplab/xc8/avr/bin/../lib/gcc/avr/5.4.0/avr5\libgcc.a(_copy_data.o)
                              build/default/debug/_ext/1472/lcd.o (__do_copy_data)
d:/mplab/xc8/avr/bin/../lib/gcc/avr/5.4.0/../../../../avr/lib/avr5\libc.a(exit.o)
                              D:/MPLAB/packs/Microchip/ATmega_DFP/3.1.264/xc8/avr/lib/avr5/crtatmega324pb.o (exit)
d:/mplab/xc8/avr/bin/../lib/gcc/avr/5.4.0/../../../../avr/lib/avr5\libc.a(_Exit.o)
                              d:/mplab/xc8/avr/bin/../lib/gcc/avr/5.4.0/../../../../avr/lib/avr5\libc.a(exit.o) (_Exit)
d:/mplab/xc8/avr/bin/../lib/gcc/avr/5.4.0/avr5\libgcc.a(_exit.o)
                              d:/mplab/xc8/avr/bin/../lib/gcc/avr/5.4.0/../../../../avr/lib/avr5\libc.a(_Exit.o) (_exit)

Discarded input sections

 .data          0x0000000000000000        0x0 D:/MPLAB/packs/Microchip/ATmega_DFP/3.1.264/xc8/avr/lib/avr5/crtatmega324pb.o
 .bss           0x0000000000000000        0x0 D:/MPLAB/packs/Microchip/ATmega_DFP/3.1.264/xc8/avr/lib/avr5/crtatmega324pb.o
 .text          0x0000000000000000        0x0 build/default/debug/_ext/1472/lcd.o
 .data          0x0000000000000000        0x0 build/default/debug/_ext/1472/lcd.o
 .bss           0x0000000000000000        0x0 build/default/debug/_ext/1472/lcd.o
 .text.lcd_reset
                0x0000000000000000       0x1e build/default/debug/_ext/1472/lcd.o
 .text.lcd_clear
                0x0000000000000000        0x8 build/default/debug/_ext/1472/lcd.o
 .text.lcd_cursor_reset
                0x0000000000000000        0x8 build/default/debug/_ext/1472/lcd.o
 .text          0x0000000000000000        0x0 build/default/debug/_ext/1472/twi.o
 .data          0x0000000000000000        0x0 build/default/debug/_ext/1472/twi.o
 .bss           0x0000000000000000        0x0 build/default/debug/_ext/1472/twi.o
 .text.twi_repeat_start
                0x0000000000000000       0x12 build/default/debug/_ext/1472/twi.o
 .text.twi_releaseBus
                0x0000000000000000        0x8 build/default/debug/_ext/1472/twi.o
 .text.twi_MR_SLA_R
                0x0000000000000000       0x1e build/default/debug/_ext/1472/twi.o
 .text.twi_MR_read_ACK
                0x0000000000000000       0x16 build/default/debug/_ext/1472/twi.o
 .text.twi_MR_read_NACK
                0x0000000000000000       0x16 build/default/debug/_ext/1472/twi.o
 .bss.twi_error
                0x0000000000000000        0x1 build/default/debug/_ext/1472/twi.o
 .text          0x0000000000000000        0x0 build/default/debug/main.o
 .data          0x0000000000000000        0x0 build/default/debug/main.o
 .bss           0x0000000000000000        0x0 build/default/debug/main.o
 .text          0x0000000000000000        0x0 d:/mplab/xc8/avr/bin/../lib/gcc/avr/5.4.0/avr5\libgcc.a(_copy_data.o)
 .data          0x0000000000000000        0x0 d:/mplab/xc8/avr/bin/../lib/gcc/avr/5.4.0/avr5\libgcc.a(_copy_data.o)
 .bss           0x0000000000000000        0x0 d:/mplab/xc8/avr/bin/../lib/gcc/avr/5.4.0/avr5\libgcc.a(_copy_data.o)
 .text.libgcc.mul
                0x0000000000000000        0x0 d:/mplab/xc8/avr/bin/../lib/gcc/avr/5.4.0/avr5\libgcc.a(_copy_data.o)
 .text.libgcc.div
                0x0000000000000000        0x0 d:/mplab/xc8/avr/bin/../lib/gcc/avr/5.4.0/avr5\libgcc.a(_copy_data.o)
 .text.libgcc   0x0000000000000000        0x0 d:/mplab/xc8/avr/bin/../lib/gcc/avr/5.4.0/avr5\libgcc.a(_copy_data.o)
 .text.libgcc.prologue
                0x0000000000000000        0x0 d:/mplab/xc8/avr/bin/../lib/gcc/avr/5.4.0/avr5\libgcc.a(_copy_data.o)
 .text.libgcc.builtins
                0x0000000000000000        0x0 d:/mplab/xc8/avr/bin/../lib/gcc/avr/5.4.0/avr5\libgcc.a(_copy_data.o)
 .text.libgcc.fmul
                0x0000000000000000        0x0 d:/mplab/xc8/avr/bin/../lib/gcc/avr/5.4.0/avr5\libgcc.a(_copy_data.o)
 .text.libgcc.fixed
                0x0000000000000000        0x0 d:/mplab/xc8/avr/bin/../lib/gcc/avr/5.4.0/avr5\libgcc.a(_copy_data.o)
 .text          0x0000000000000000        0x0 d:/mplab/xc8/avr/bin/../lib/gcc/avr/5.4.0/../../../../avr/lib/avr5\libc.a(exit.o)
 .data          0x0000000000000000        0x0 d:/mplab/xc8/avr/bin/../lib/gcc/avr/5.4.0/../../../../avr/lib/avr5\libc.a(exit.o)
 .bss           0x0000000000000000        0x0 d:/mplab/xc8/avr/bin/../lib/gcc/avr/5.4.0/../../../../avr/lib/avr5\libc.a(exit.o)
 .stack.descriptors
                0x0000000000000000       0x73 d:/mplab/xc8/avr/bin/../lib/gcc/avr/5.4.0/../../../../avr/lib/avr5\libc.a(exit.o)
 .text          0x0000000000000000        0x0 d:/mplab/xc8/avr/bin/../lib/gcc/avr/5.4.0/../../../../avr/lib/avr5\libc.a(_Exit.o)
 .data          0x0000000000000000        0x0 d:/mplab/xc8/avr/bin/../lib/gcc/avr/5.4.0/../../../../avr/lib/avr5\libc.a(_Exit.o)
 .bss           0x0000000000000000        0x0 d:/mplab/xc8/avr/bin/../lib/gcc/avr/5.4.0/../../../../avr/lib/avr5\libc.a(_Exit.o)
 .stack.descriptors
                0x0000000000000000       0x13 d:/mplab/xc8/avr/bin/../lib/gcc/avr/5.4.0/../../../../avr/lib/avr5\libc.a(_Exit.o)
 .text          0x0000000000000000        0x0 d:/mplab/xc8/avr/bin/../lib/gcc/avr/5.4.0/avr5\libgcc.a(_exit.o)
 .data          0x0000000000000000        0x0 d:/mplab/xc8/avr/bin/../lib/gcc/avr/5.4.0/avr5\libgcc.a(_exit.o)
 .bss           0x0000000000000000        0x0 d:/mplab/xc8/avr/bin/../lib/gcc/avr/5.4.0/avr5\libgcc.a(_exit.o)
 .text.libgcc.mul
                0x0000000000000000        0x0 d:/mplab/xc8/avr/bin/../lib/gcc/avr/5.4.0/avr5\libgcc.a(_exit.o)
 .text.libgcc.div
                0x0000000000000000        0x0 d:/mplab/xc8/avr/bin/../lib/gcc/avr/5.4.0/avr5\libgcc.a(_exit.o)
 .text.libgcc   0x0000000000000000        0x0 d:/mplab/xc8/avr/bin/../lib/gcc/avr/5.4.0/avr5\libgcc.a(_exit.o)
 .text.libgcc.prologue
                0x0000000000000000        0x0 d:/mplab/xc8/avr/bin/../lib/gcc/avr/5.4.0/avr5\libgcc.a(_exit.o)
 .stack.descriptors
                0x0000000000000000       0x13 d:/mplab/xc8/avr/bin/../lib/gcc/avr/5.4.0/avr5\libgcc.a(_exit.o)
 .text.libgcc.builtins
                0x0000000000000000        0x0 d:/mplab/xc8/avr/bin/../lib/gcc/avr/5.4.0/avr5\libgcc.a(_exit.o)
 .text.libgcc.fmul
                0x0000000000000000        0x0 d:/mplab/xc8/avr/bin/../lib/gcc/avr/5.4.0/avr5\libgcc.a(_exit.o)
 .text.libgcc.fixed
                0x0000000000000000        0x0 d:/mplab/xc8/avr/bin/../lib/gcc/avr/5.4.0/avr5\libgcc.a(_exit.o)

Memory Configuration

Name             Origin             Length             Attributes
text             0x0000000000000000 0x0000000000008000 xr
data             0x0000000000800100 0x0000000000000800 rw !x
eeprom           0x0000000000810000 0x0000000000000400 rw !x
fuse             0x0000000000820000 0x0000000000000003 rw !x
lock             0x0000000000830000 0x0000000000000400 rw !x
signature        0x0000000000840000 0x0000000000000400 rw !x
user_signatures  0x0000000000850000 0x0000000000000400 rw !x
bootrow          0x0000000000860000 0x0000000000000400 rw !x
*default*        0x0000000000000000 0xffffffffffffffff

Linker script and memory map

Address of section .data set to 0x800100
LOAD D:/MPLAB/packs/Microchip/ATmega_DFP/3.1.264/xc8/avr/lib/avr5/crtatmega324pb.o
                0x0000000000000001                __MPLAB_BUILD = 0x1
LOAD build/default/debug/_ext/1472/lcd.o
LOAD build/default/debug/_ext/1472/twi.o
LOAD build/default/debug/main.o
START GROUP
LOAD d:/mplab/xc8/avr/bin/../lib/gcc/avr/5.4.0/../../../../avr/lib/avr5\libm.a
END GROUP
                0x0000000000000001                __MPLAB_DEBUG = 0x1
                0x0000000000000001                __DEBUG = 0x1
START GROUP
LOAD d:/mplab/xc8/avr/bin/../lib/gcc/avr/5.4.0/avr5\libgcc.a
LOAD d:/mplab/xc8/avr/bin/../lib/gcc/avr/5.4.0/../../../../avr/lib/avr5\libm.a
LOAD d:/mplab/xc8/avr/bin/../lib/gcc/avr/5.4.0/../../../../avr/lib/avr5\libc.a
LOAD D:/MPLAB/packs/Microchip/ATmega_DFP/3.1.264/xc8/avr/lib/avr5\libatmega324pb.a
END GROUP
                [0x0000000000000000]                __TEXT_REGION_ORIGIN__ = DEFINED (__TEXT_REGION_ORIGIN__)?__TEXT_REGION_ORIGIN__:0x0
                [0x0000000000800100]                __DATA_REGION_ORIGIN__ = DEFINED (__DATA_REGION_ORIGIN__)?__DATA_REGION_ORIGIN__:0x800060
                [0x0000000000008000]                __TEXT_REGION_LENGTH__ = DEFINED (__TEXT_REGION_LENGTH__)?__TEXT_REGION_LENGTH__:0x20000
                [0x0000000000000800]                __DATA_REGION_LENGTH__ = DEFINED (__DATA_REGION_LENGTH__)?__DATA_REGION_LENGTH__:0xffa0
                [0x0000000000000400]                __EEPROM_REGION_LENGTH__ = DEFINED (__EEPROM_REGION_LENGTH__)?__EEPROM_REGION_LENGTH__:0x10000
                [0x0000000000000003]                __FUSE_REGION_LENGTH__ = DEFINED (__FUSE_REGION_LENGTH__)?__FUSE_REGION_LENGTH__:0x400
                0x0000000000000400                __LOCK_REGION_LENGTH__ = DEFINED (__LOCK_REGION_LENGTH__)?__LOCK_REGION_LENGTH__:0x400
                0x0000000000000400                __SIGNATURE_REGION_LENGTH__ = DEFINED (__SIGNATURE_REGION_LENGTH__)?__SIGNATURE_REGION_LENGTH__:0x400
                0x0000000000000400                __USER_SIGNATURE_REGION_LENGTH__ = DEFINED (__USER_SIGNATURE_REGION_LENGTH__)?__USER_SIGNATURE_REGION_LENGTH__:0x400
                0x0000000000000400                __BOOTROW_REGION_LENGTH__ = DEFINED (__BOOTROW_REGION_LENGTH__)?__BOOTROW_REGION_LENGTH__:0x400

.hash
 *(.hash)

.dynsym
 *(.dynsym)

.dynstr
 *(.dynstr)

.gnu.version
 *(.gnu.version)

.gnu.version_d
 *(.gnu.version_d)

.gnu.version_r
 *(.gnu.version_r)

.rel.init
 *(.rel.init)

.rela.init
 *(.rela.init)

.rel.text
 *(.rel.text)
 *(.rel.text.*)
 *(.rel.gnu.linkonce.t*)

.rela.text
 *(.rela.text)
 *(.rela.text.*)
 *(.rela.gnu.linkonce.t*)

.rel.fini
 *(.rel.fini)

.rela.fini
 *(.rela.fini)

.rel.rodata
 *(.rel.rodata)
 *(.rel.rodata.*)
 *(.rel.gnu.linkonce.r*)

.rela.rodata
 *(.rela.rodata)
 *(.rela.rodata.*)
 *(.rela.gnu.linkonce.r*)

.rel.data
 *(.rel.data)
 *(.rel.data.*)
 *(.rel.gnu.linkonce.d*)

.rela.data
 *(.rela.data)
 *(.rela.data.*)
 *(.rela.gnu.linkonce.d*)

.rel.ctors
 *(.rel.ctors)

.rela.ctors
 *(.rela.ctors)

.rel.dtors
 *(.rel.dtors)

.rela.dtors
 *(.rela.dtors)

.rel.got
 *(.rel.got)

.rela.got
 *(.rela.got)

.rel.bss
 *(.rel.bss)

.rela.bss
 *(.rela.bss)

.rel.plt
 *(.rel.plt)

.rela.plt
 *(.rela.plt)

.text           0x0000000000000000      0x128
 *(.vectors)
 .vectors       0x0000000000000000       0xcc D:/MPLAB/packs/Microchip/ATmega_DFP/3.1.264/xc8/avr/lib/avr5/crtatmega324pb.o
                0x0000000000000000                __vector_default
                0x0000000000000000                __vectors
 *(.vectors)
 *(.progmem.gcc*)
 *(.dinit)
 .dinit         0x00000000000000cc        0x7 data_init
                0x00000000000000d4                . = ALIGN (0x2)
 *fill*         0x00000000000000d3        0x1 
                0x00000000000000d4                __trampolines_start = .
 *(.trampolines)
 .trampolines   0x00000000000000d4        0x0 linker stubs
 *(.trampolines*)
                0x00000000000000d4                __trampolines_end = .
 *libprintf_flt.a:*(.progmem.data)
 *libc.a:*(.progmem.data)
                0x00000000000000d4                . = ALIGN (0x2)
 *(.jumptables)
 *(.jumptables*)
 *(.lowtext)
 *(.lowtext*)
                0x00000000000000d4                __ctors_start = .
 *(.ctors)
                0x00000000000000d4                __ctors_end = .
                0x00000000000000d4                __dtors_start = .
 *(.dtors)
                0x00000000000000d4                __dtors_end = .
 SORT(*)(.ctors)
 SORT(*)(.dtors)
 *(.init0)
 .init0         0x00000000000000d4        0x0 D:/MPLAB/packs/Microchip/ATmega_DFP/3.1.264/xc8/avr/lib/avr5/crtatmega324pb.o
                0x00000000000000d4                __init
 *(.init0)
 *(.init1)
 *(.init1)
 *(.init2)
 .init2         0x00000000000000d4        0xc D:/MPLAB/packs/Microchip/ATmega_DFP/3.1.264/xc8/avr/lib/avr5/crtatmega324pb.o
 *(.init2)
 *(.init3)
 *(.init3)
 *(.init4)
 .init4         0x00000000000000e0       0x3c d:/mplab/xc8/avr/bin/../lib/gcc/avr/5.4.0/avr5\libgcc.a(_copy_data.o)
                0x00000000000000e0                __do_copy_data
                0x000000000000010e                __do_clear_bss
 *(.init4)
 *(.init5)
 *(.init5)
 *(.init6)
 *(.init6)
 *(.init7)
 *(.init7)
 *(.init8)
 *(.init8)
 *(.init9)
 .init9         0x000000000000011c        0x8 D:/MPLAB/packs/Microchip/ATmega_DFP/3.1.264/xc8/avr/lib/avr5/crtatmega324pb.o
 *(.init9)
                0x0000000000000124                . = ALIGN (0x2)
 *(.fini9)
 .fini9         0x0000000000000124        0x0 d:/mplab/xc8/avr/bin/../lib/gcc/avr/5.4.0/avr5\libgcc.a(_exit.o)
                0x0000000000000124                _exit
 *(.fini9)
 *(.fini8)
 *(.fini8)
 *(.fini7)
 *(.fini7)
 *(.fini6)
 *(.fini6)
 *(.fini5)
 *(.fini5)
 *(.fini4)
 *(.fini4)
 *(.fini3)
 *(.fini3)
 *(.fini2)
 *(.fini2)
 *(.fini1)
 *(.fini1)
 *(.fini0)
 .fini0         0x0000000000000124        0x4 d:/mplab/xc8/avr/bin/../lib/gcc/avr/5.4.0/avr5\libgcc.a(_exit.o)
 *(.fini0)
                0x0000000000000128                _etext = .

.data           0x0000000000800100        0x0 load address 0x0000000000000128
                [!provide]                        PROVIDE (__data_start, .)
 *(.gnu.linkonce.d*)
 *(.gnu.linkonce.r*)
                0x0000000000800100                . = ALIGN (0x2)
                0x0000000000800100                _edata = .
                [!provide]                        PROVIDE (__data_end, .)

.bss            0x0000000000800100        0x0
                [!provide]                        PROVIDE (__bss_start, .)
 *(COMMON)
                [!provide]                        PROVIDE (__bss_end, .)
                0x0000000000000128                __data_load_start = LOADADDR (.data)
                0x0000000000000128                __data_load_end = (__data_load_start + SIZEOF (.data))

.noinit         0x0000000000800100        0x0
                [!provide]                        PROVIDE (__noinit_start, .)
 *(.noinit*)
                [!provide]                        PROVIDE (__noinit_end, .)
                0x0000000000800100                _end = .

.eeprom         0x0000000000810000        0x0
 *(.eeprom*)
                0x0000000000810000                __eeprom_end = .

.fuse
 *(.fuse)
 *(.lfuse)
 *(.hfuse)
 *(.efuse)

.lock
 *(.lock*)

.signature
 *(.signature*)

.user_signatures
 *(.user_signatures*)

.bootrow
 *(.bootrow*)

.stab
 *(.stab)

.stabstr
 *(.stabstr)

.stab.excl
 *(.stab.excl)

.stab.exclstr
 *(.stab.exclstr)

.stab.index
 *(.stab.index)

.stab.indexstr
 *(.stab.indexstr)

.comment        0x0000000000000000       0x5b
 *(.comment)
 .comment       0x0000000000000000       0x2f build/default/debug/_ext/1472/lcd.o
                                         0x30 (size before relaxing)
 .comment       0x000000000000002f       0x30 build/default/debug/_ext/1472/twi.o
 .comment       0x000000000000002f       0x30 build/default/debug/main.o
 .comment       0x000000000000002f       0x2c d:/mplab/xc8/avr/bin/../lib/gcc/avr/5.4.0/../../../../avr/lib/avr5\libc.a(exit.o)
                                         0x2d (size before relaxing)
 .comment       0x000000000000005b       0x2d d:/mplab/xc8/avr/bin/../lib/gcc/avr/5.4.0/../../../../avr/lib/avr5\libc.a(_Exit.o)

.stack.descriptors.hdr
                0x0000000000000000       0x2a
 .stack.descriptors.hdr
                0x0000000000000000        0xe d:/mplab/xc8/avr/bin/../lib/gcc/avr/5.4.0/../../../../avr/lib/avr5\libc.a(exit.o)
 .stack.descriptors.hdr
                0x000000000000000e        0xe d:/mplab/xc8/avr/bin/../lib/gcc/avr/5.4.0/../../../../avr/lib/avr5\libc.a(_Exit.o)
 .stack.descriptors.hdr
                0x000000000000001c        0xe d:/mplab/xc8/avr/bin/../lib/gcc/avr/5.4.0/avr5\libgcc.a(_exit.o)

.note.GNU-stack
                0x0000000000000000        0x0
 .note.GNU-stack
                0x0000000000000000        0x0 d:/mplab/xc8/avr/bin/../lib/gcc/avr/5.4.0/../../../../avr/lib/avr5\libc.a(exit.o)
 .note.GNU-stack
                0x0000000000000000        0x0 d:/mplab/xc8/avr/bin/../lib/gcc/avr/5.4.0/../../../../avr/lib/avr5\libc.a(_Exit.o)

.note.gnu.build-id
 *(.note.gnu.build-id)

.debug
 *(.debug)

.line
 *(.line)

.debug_srcinfo
 *(.debug_srcinfo)

.debug_sfnames
 *(.debug_sfnames)

.debug_aranges  0x0000000000000000       0xe0
 *(.debug_aranges)
 .debug_aranges
                0x0000000000000000       0x58 build/default/debug/_ext/1472/lcd.o
 .debug_aranges
                0x0000000000000058       0x68 build/default/debug/_ext/1472/twi.o
 .debug_aranges
                0x00000000000000c0       0x20 build/default/debug/main.o

.debug_pubnames
 *(.debug_pubnames)

.debug_info     0x0000000000000000     0x17be
 *(.debug_info .gnu.linkonce.wi.*)
 .debug_info    0x0000000000000000      0x9bb D:/MPLAB/packs/Microchip/ATmega_DFP/3.1.264/xc8/avr/lib/avr5/crtatmega324pb.o
 .debug_info    0x00000000000009bb      0x729 build/default/debug/_ext/1472/lcd.o
 .debug_info    0x00000000000010e4      0x424 build/default/debug/_ext/1472/twi.o
 .debug_info    0x0000000000001508      0x2b6 build/default/debug/main.o

.debug_abbrev   0x0000000000000000      0xbe9
 *(.debug_abbrev)
 .debug_abbrev  0x0000000000000000      0x934 D:/MPLAB/packs/Microchip/ATmega_DFP/3.1.264/xc8/avr/lib/avr5/crtatmega324pb.o
 .debug_abbrev  0x0000000000000934      0x15b build/default/debug/_ext/1472/lcd.o
 .debug_abbrev  0x0000000000000a8f       0xe4 build/default/debug/_ext/1472/twi.o
 .debug_abbrev  0x0000000000000b73       0x76 build/default/debug/main.o

.debug_line     0x0000000000000000      0x6b2
 *(.debug_line .debug_line.* .debug_line_end)
 .debug_line    0x0000000000000000      0x1ca D:/MPLAB/packs/Microchip/ATmega_DFP/3.1.264/xc8/avr/lib/avr5/crtatmega324pb.o
 .debug_line    0x00000000000001ca      0x23d build/default/debug/_ext/1472/lcd.o
 .debug_line    0x0000000000000407      0x247 build/default/debug/_ext/1472/twi.o
 .debug_line    0x000000000000064e       0x64 build/default/debug/main.o

.debug_frame    0x0000000000000000      0x194
 *(.debug_frame)
 .debug_frame   0x0000000000000000       0xac build/default/debug/_ext/1472/lcd.o
 .debug_frame   0x00000000000000ac       0xc4 build/default/debug/_ext/1472/twi.o
 .debug_frame   0x0000000000000170       0x24 build/default/debug/main.o

.debug_str      0x0000000000000000      0x3b1
 *(.debug_str)
 .debug_str     0x0000000000000000      0x35a D:/MPLAB/packs/Microchip/ATmega_DFP/3.1.264/xc8/avr/lib/avr5/crtatmega324pb.o
 .debug_str     0x000000000000035a       0x2d build/default/debug/_ext/1472/lcd.o
 .debug_str     0x0000000000000387        0x0 build/default/debug/_ext/1472/twi.o
 .debug_str     0x0000000000000387       0x2a build/default/debug/main.o

.debug_loc      0x0000000000000000      0x304
 *(.debug_loc)
 .debug_loc     0x0000000000000000      0x257 build/default/debug/_ext/1472/lcd.o
 .debug_loc     0x0000000000000257       0xad build/default/debug/_ext/1472/twi.o

.debug_macinfo
 *(.debug_macinfo)

.debug_weaknames
 *(.debug_weaknames)

.debug_funcnames
 *(.debug_funcnames)

.debug_typenames
 *(.debug_typenames)

.debug_varnames
 *(.debug_varnames)

.debug_pubtypes
 *(.debug_pubtypes)

.debug_ranges   0x0000000000000000       0xb0
 *(.debug_ranges)
 .debug_ranges  0x0000000000000000       0x48 build/default/debug/_ext/1472/lcd.o
 .debug_ranges  0x0000000000000048       0x58 build/default/debug/_ext/1472/twi.o
 .debug_ranges  0x00000000000000a0       0x10 build/default/debug/main.o

.debug_macro
 *(.debug_macro)
OUTPUT(dist/default/debug/LCDfirmwaretest.X.debug.elf elf32-avr)
LOAD linker stubs
LOAD data_init

.note.gnu.avr.deviceinfo
                0x0000000000000000       0x40
 .note.gnu.avr.deviceinfo
                0x0000000000000000       0x40 D:/MPLAB/packs/Microchip/ATmega_DFP/3.1.264/xc8/avr/lib/avr5/crtatmega324pb.o

.text.lcd_init  0x0000000000000128       0x56
 .text.lcd_init
                0x0000000000000128       0x56 build/default/debug/_ext/1472/lcd.o
                0x0000000000000128                lcd_init

.text.lcd_test  0x000000000000017e       0x30
 .text.lcd_test
                0x000000000000017e       0x30 build/default/debug/_ext/1472/lcd.o
                0x000000000000017e                lcd_test

.text.twi_start
                0x00000000000001ae       0x2a
 .text.twi_start
                0x00000000000001ae       0x2a build/default/debug/_ext/1472/twi.o
                0x00000000000001ae                twi_start

.text.lcd_set_cursor
                0x00000000000001d8       0x24
 .text.lcd_set_cursor
                0x00000000000001d8       0x24 build/default/debug/_ext/1472/lcd.o
                0x00000000000001d8                lcd_set_cursor

.text.twi_init  0x00000000000001fc       0x24
 .text.twi_init
                0x00000000000001fc       0x24 build/default/debug/_ext/1472/twi.o
                0x00000000000001fc                twi_init

.text.lcd_i2C_write_command
                0x0000000000000220       0x22
 .text.lcd_i2C_write_command
                0x0000000000000220       0x22 build/default/debug/_ext/1472/lcd.o
                0x0000000000000220                lcd_i2C_write_command

.text.lcd_i2c_write_data
                0x0000000000000242       0x22
 .text.lcd_i2c_write_data
                0x0000000000000242       0x22 build/default/debug/_ext/1472/lcd.o
                0x0000000000000242                lcd_i2c_write_data

.text.twi_MT_SLA_W
                0x0000000000000264       0x22
 .text.twi_MT_SLA_W
                0x0000000000000264       0x22 build/default/debug/_ext/1472/twi.o
                0x0000000000000264                twi_MT_SLA_W

.text.twi_MT_write
                0x0000000000000286       0x1a
 .text.twi_MT_write
                0x0000000000000286       0x1a build/default/debug/_ext/1472/twi.o
                0x0000000000000286                twi_MT_write

.text.main      0x00000000000002a0       0x16
 .text.main     0x00000000000002a0       0x16 build/default/debug/main.o
                0x00000000000002a0                main

.text.exit      0x00000000000002b6       0x16
 .text.exit     0x00000000000002b6       0x16 d:/mplab/xc8/avr/bin/../lib/gcc/avr/5.4.0/../../../../avr/lib/avr5\libc.a(exit.o)
                0x00000000000002b6                exit

.text.twi_stop  0x00000000000002cc        0x8
 .text.twi_stop
                0x00000000000002cc        0x8 build/default/debug/_ext/1472/twi.o
                0x00000000000002cc                twi_stop

.text           0x00000000000002d4        0x4
 .text          0x00000000000002d4        0x4 D:/MPLAB/packs/Microchip/ATmega_DFP/3.1.264/xc8/avr/lib/avr5/crtatmega324pb.o
                0x00000000000002d4                __vector_38
                0x00000000000002d4                __vector_22
                0x00000000000002d4                __vector_28
                0x00000000000002d4                __vector_1
                0x00000000000002d4                __vector_32
                0x00000000000002d4                __vector_34
                0x00000000000002d4                __vector_24
                0x00000000000002d4                __vector_12
                0x00000000000002d4                __vector_46
                0x00000000000002d4                __bad_interrupt
                0x00000000000002d4                __vector_6
                0x00000000000002d4                __vector_31
                0x00000000000002d4                __vector_35
                0x00000000000002d4                __vector_39
                0x00000000000002d4                __vector_3
                0x00000000000002d4                __vector_23
                0x00000000000002d4                __vector_30
                0x00000000000002d4                __vector_45
                0x00000000000002d4                __vector_25
                0x00000000000002d4                __vector_11
                0x00000000000002d4                __vector_13
                0x00000000000002d4                __vector_17
                0x00000000000002d4                __vector_19
                0x00000000000002d4                __vector_7
                0x00000000000002d4                __vector_49
                0x00000000000002d4                __vector_41
                0x00000000000002d4                __vector_43
                0x00000000000002d4                __vector_27
                0x00000000000002d4                __vector_5
                0x00000000000002d4                __vector_33
                0x00000000000002d4                __vector_47
                0x00000000000002d4                __vector_37
                0x00000000000002d4                __vector_4
                0x00000000000002d4                __vector_44
                0x00000000000002d4                __vector_9
                0x00000000000002d4                __vector_2
                0x00000000000002d4                __vector_21
                0x00000000000002d4                __vector_15
                0x00000000000002d4                __vector_36
                0x00000000000002d4                __vector_29
                0x00000000000002d4                __vector_40
                0x00000000000002d4                __vector_8
                0x00000000000002d4                __vector_26
                0x00000000000002d4                __vector_48
                0x00000000000002d4                __vector_14
                0x00000000000002d4                __vector_10
                0x00000000000002d4                __vector_50
                0x00000000000002d4                __vector_16
                0x00000000000002d4                __vector_18
                0x00000000000002d4                __vector_20
                0x00000000000002d4                __vector_42

.text._Exit     0x00000000000002d8        0x4
 .text._Exit    0x00000000000002d8        0x4 d:/mplab/xc8/avr/bin/../lib/gcc/avr/5.4.0/../../../../avr/lib/avr5\libc.a(_Exit.o)
                0x00000000000002d8                _Exit

.text.__dummy_fini
                0x00000000000002dc        0x2
 .text.__dummy_fini
                0x00000000000002dc        0x2 d:/mplab/xc8/avr/bin/../lib/gcc/avr/5.4.0/../../../../avr/lib/avr5\libc.a(exit.o)
                0x00000000000002dc                _fini

.text.__dummy_funcs_on_exit
                0x00000000000002de        0x2
 .text.__dummy_funcs_on_exit
                0x00000000000002de        0x2 d:/mplab/xc8/avr/bin/../lib/gcc/avr/5.4.0/../../../../avr/lib/avr5\libc.a(exit.o)
                0x00000000000002de                __funcs_on_exit

.text.__dummy_simulator_exit
                0x00000000000002e0        0x2
 .text.__dummy_simulator_exit
                0x00000000000002e0        0x2 d:/mplab/xc8/avr/bin/../lib/gcc/avr/5.4.0/../../../../avr/lib/avr5\libc.a(exit.o)
                0x00000000000002e0                __simulator_exit

.rodata         0x0000000000800100        0x7 load address 0x00000000000002e2
 .rodata        0x0000000000800100        0x7 build/default/debug/_ext/1472/lcd.o
