Archive member included to satisfy reference by file (symbol)

d:/mplab/xc8/avr/bin/../lib/gcc/avr/5.4.0/../../../../avr/lib/avr5\libm.a(addsf3.o)
                              build/default/production/_ext/511298643/Si5351.o (__subsf3)
d:/mplab/xc8/avr/bin/../lib/gcc/avr/5.4.0/../../../../avr/lib/avr5\libm.a(addsf3x.o)
                              d:/mplab/xc8/avr/bin/../lib/gcc/avr/5.4.0/../../../../avr/lib/avr5\libm.a(addsf3.o) (__addsf3x)
d:/mplab/xc8/avr/bin/../lib/gcc/avr/5.4.0/../../../../avr/lib/avr5\libm.a(divsf3.o)
                              build/default/production/_ext/511298643/Si5351.o (__divsf3)
d:/mplab/xc8/avr/bin/../lib/gcc/avr/5.4.0/../../../../avr/lib/avr5\libm.a(divsf3x.o)
                              d:/mplab/xc8/avr/bin/../lib/gcc/avr/5.4.0/../../../../avr/lib/avr5\libm.a(divsf3.o) (__divsf3x)
d:/mplab/xc8/avr/bin/../lib/gcc/avr/5.4.0/../../../../avr/lib/avr5\libm.a(fixunssfsi.o)
                              build/default/production/_ext/511298643/Si5351.o (__fixunssfsi)
d:/mplab/xc8/avr/bin/../lib/gcc/avr/5.4.0/../../../../avr/lib/avr5\libm.a(floatsisf.o)
                              build/default/production/_ext/511298643/Si5351.o (__floatunsisf)
d:/mplab/xc8/avr/bin/../lib/gcc/avr/5.4.0/../../../../avr/lib/avr5\libm.a(floorf.o)
                              build/default/production/_ext/511298643/Si5351.o (floorf)
d:/mplab/xc8/avr/bin/../lib/gcc/avr/5.4.0/../../../../avr/lib/avr5\libm.a(fp_inf.o)
                              d:/mplab/xc8/avr/bin/../lib/gcc/avr/5.4.0/../../../../avr/lib/avr5\libm.a(addsf3x.o) (__fp_inf)
d:/mplab/xc8/avr/bin/../lib/gcc/avr/5.4.0/../../../../avr/lib/avr5\libm.a(fp_nan.o)
                              d:/mplab/xc8/avr/bin/../lib/gcc/avr/5.4.0/../../../../avr/lib/avr5\libm.a(addsf3x.o) (__fp_nan)
d:/mplab/xc8/avr/bin/../lib/gcc/avr/5.4.0/../../../../avr/lib/avr5\libm.a(fp_pscA.o)
                              d:/mplab/xc8/avr/bin/../lib/gcc/avr/5.4.0/../../../../avr/lib/avr5\libm.a(addsf3x.o) (__fp_pscA)
d:/mplab/xc8/avr/bin/../lib/gcc/avr/5.4.0/../../../../avr/lib/avr5\libm.a(fp_pscB.o)
                              d:/mplab/xc8/avr/bin/../lib/gcc/avr/5.4.0/../../../../avr/lib/avr5\libm.a(addsf3x.o) (__fp_pscB)
d:/mplab/xc8/avr/bin/../lib/gcc/avr/5.4.0/../../../../avr/lib/avr5\libm.a(fp_round.o)
                              d:/mplab/xc8/avr/bin/../lib/gcc/avr/5.4.0/../../../../avr/lib/avr5\libm.a(addsf3.o) (__fp_round)
d:/mplab/xc8/avr/bin/../lib/gcc/avr/5.4.0/../../../../avr/lib/avr5\libm.a(fp_split3.o)
                              d:/mplab/xc8/avr/bin/../lib/gcc/avr/5.4.0/../../../../avr/lib/avr5\libm.a(addsf3x.o) (__fp_split3)
d:/mplab/xc8/avr/bin/../lib/gcc/avr/5.4.0/../../../../avr/lib/avr5\libm.a(fp_zero.o)
                              d:/mplab/xc8/avr/bin/../lib/gcc/avr/5.4.0/../../../../avr/lib/avr5\libm.a(addsf3x.o) (__fp_zero)
d:/mplab/xc8/avr/bin/../lib/gcc/avr/5.4.0/../../../../avr/lib/avr5\libm.a(mulsf3.o)
                              build/default/production/_ext/511298643/Si5351.o (__mulsf3)
d:/mplab/xc8/avr/bin/../lib/gcc/avr/5.4.0/../../../../avr/lib/avr5\libm.a(mulsf3x.o)
                              d:/mplab/xc8/avr/bin/../lib/gcc/avr/5.4.0/../../../../avr/lib/avr5\libm.a(mulsf3.o) (__mulsf3x)
d:/mplab/xc8/avr/bin/../lib/gcc/avr/5.4.0/../../../../avr/lib/avr5\libm.a(powf.o)
                              build/default/production/_ext/511298643/lcd1602.o (pow)
d:/mplab/xc8/avr/bin/../lib/gcc/avr/5.4.0/../../../../avr/lib/avr5\libm.a(sqrtf.o)
                              d:/mplab/xc8/avr/bin/../lib/gcc/avr/5.4.0/../../../../avr/lib/avr5\libm.a(powf.o) (sqrtf)
d:/mplab/xc8/avr/bin/../lib/gcc/avr/5.4.0/../../../../avr/lib/avr5\libm.a(fabsf.o)
                              d:/mplab/xc8/avr/bin/../lib/gcc/avr/5.4.0/../../../../avr/lib/avr5\libm.a(powf.o) (fabsf)
d:/mplab/xc8/avr/bin/../lib/gcc/avr/5.4.0/../../../../avr/lib/avr5\libm.a(scalbnf.o)
                              d:/mplab/xc8/avr/bin/../lib/gcc/avr/5.4.0/../../../../avr/lib/avr5\libm.a(powf.o) (scalbnf)
d:/mplab/xc8/avr/bin/../lib/gcc/avr/5.4.0/../../../../avr/lib/avr5\libm.a(cmpsf2.o)
                              d:/mplab/xc8/avr/bin/../lib/gcc/avr/5.4.0/../../../../avr/lib/avr5\libm.a(powf.o) (__lesf2)
d:/mplab/xc8/avr/bin/../lib/gcc/avr/5.4.0/../../../../avr/lib/avr5\libm.a(fp_cmp.o)
                              d:/mplab/xc8/avr/bin/../lib/gcc/avr/5.4.0/../../../../avr/lib/avr5\libm.a(cmpsf2.o) (__fp_cmp)
d:/mplab/xc8/avr/bin/../lib/gcc/avr/5.4.0/../../../../avr/lib/avr5\libm.a(gesf2.o)
                              d:/mplab/xc8/avr/bin/../lib/gcc/avr/5.4.0/../../../../avr/lib/avr5\libm.a(powf.o) (__gtsf2)
d:/mplab/xc8/avr/bin/../lib/gcc/avr/5.4.0/avr5\libgcc.a(_udivmodhi4.o)
                              build/default/production/_ext/511298643/lcd1602.o (__udivmodhi4)
d:/mplab/xc8/avr/bin/../lib/gcc/avr/5.4.0/avr5\libgcc.a(_divmodhi4.o)
                              build/default/production/_ext/511298643/main.o (__divmodhi4)
[...]
Memory Configuration

Name             Origin             Length             Attributes
text             0x0000000000000000 0x0000000000008000 xr
data             0x0000000000800100 0x0000000000000800 rw !x
eeprom           0x0000000000810000 0x0000000000000400 rw !x
fuse             0x0000000000820000 0x0000000000000003 rw !x
lock             0x0000000000830000 0x0000000000000400 rw !x
signature        0x0000000000840000 0x0000000000000400 rw !x
user_signatures  0x0000000000850000 0x0000000000000400 rw !x
bootrow          0x0000000000860000 0x0000000000000400 rw !x
*default*        0x0000000000000000 0xffffffffffffffff

Linker script and memory map

Address of section .data set to 0x800100
LOAD D:/MPLAB/xc8/dfp/xc8/avr/lib/avr5/crtatmega324pb.o
                0x0000000000000001                __MPLAB_BUILD = 0x1
LOAD build/default/production/_ext/511298643/Si5351.o
LOAD build/default/production/_ext/511298643/button.o
LOAD build/default/production/_ext/511298643/ft232.o
LOAD build/default/production/_ext/511298643/lcd1602.o
LOAD build/default/production/_ext/511298643/rotary_encoder.o
LOAD build/default/production/_ext/511298643/timer.o
LOAD build/default/production/_ext/511298643/twi.o
LOAD build/default/production/_ext/511298643/main.o
START GROUP
LOAD d:/mplab/xc8/avr/bin/../lib/gcc/avr/5.4.0/../../../../avr/lib/avr5\libm.a
END GROUP
START GROUP
LOAD d:/mplab/xc8/avr/bin/../lib/gcc/avr/5.4.0/avr5\libgcc.a
LOAD d:/mplab/xc8/avr/bin/../lib/gcc/avr/5.4.0/../../../../avr/lib/avr5\libm.a
LOAD d:/mplab/xc8/avr/bin/../lib/gcc/avr/5.4.0/../../../../avr/lib/avr5\libc.a
LOAD D:/MPLAB/xc8/dfp/xc8/avr/lib/avr5\libatmega324pb.a
END GROUP
                [0x0000000000000000]                __TEXT_REGION_ORIGIN__ = DEFINED (__TEXT_REGION_ORIGIN__)?__TEXT_REGION_ORIGIN__:0x0
                [0x0000000000800100]                __DATA_REGION_ORIGIN__ = DEFINED (__DATA_REGION_ORIGIN__)?__DATA_REGION_ORIGIN__:0x800060
                [0x0000000000008000]                __TEXT_REGION_LENGTH__ = DEFINED (__TEXT_REGION_LENGTH__)?__TEXT_REGION_LENGTH__:0x20000
                [0x0000000000000800]                __DATA_REGION_LENGTH__ = DEFINED (__DATA_REGION_LENGTH__)?__DATA_REGION_LENGTH__:0xffa0
                [0x0000000000000400]                __EEPROM_REGION_LENGTH__ = DEFINED (__EEPROM_REGION_LENGTH__)?__EEPROM_REGION_LENGTH__:0x10000
                [0x0000000000000003]                __FUSE_REGION_LENGTH__ = DEFINED (__FUSE_REGION_LENGTH__)?__FUSE_REGION_LENGTH__:0x400
                0x0000000000000400                __LOCK_REGION_LENGTH__ = DEFINED (__LOCK_REGION_LENGTH__)?__LOCK_REGION_LENGTH__:0x400
                0x0000000000000400                __SIGNATURE_REGION_LENGTH__ = DEFINED (__SIGNATURE_REGION_LENGTH__)?__SIGNATURE_REGION_LENGTH__:0x400
                0x0000000000000400                __USER_SIGNATURE_REGION_LENGTH__ = DEFINED (__USER_SIGNATURE_REGION_LENGTH__)?__USER_SIGNATURE_REGION_LENGTH__:0x400
                0x0000000000000400                __BOOTROW_REGION_LENGTH__ = DEFINED (__BOOTROW_REGION_LENGTH__)?__BOOTROW_REGION_LENGTH__:0x400

.hash
 *(.hash)

.dynsym
 *(.dynsym)

.dynstr
 *(.dynstr)

.gnu.version
 *(.gnu.version)

.gnu.version_d
 *(.gnu.version_d)

.gnu.version_r
 *(.gnu.version_r)

.rel.init
 *(.rel.init)

.rela.init
 *(.rela.init)

.rel.text
 *(.rel.text)
 *(.rel.text.*)
 *(.rel.gnu.linkonce.t*)

.rela.text
 *(.rela.text)
 *(.rela.text.*)
 *(.rela.gnu.linkonce.t*)

.rel.fini
 *(.rel.fini)

.rela.fini
 *(.rela.fini)

.rel.rodata
 *(.rel.rodata)
 *(.rel.rodata.*)
 *(.rel.gnu.linkonce.r*)

.rela.rodata
 *(.rela.rodata)
 *(.rela.rodata.*)
 *(.rela.gnu.linkonce.r*)

.rel.data
 *(.rel.data)
 *(.rel.data.*)
 *(.rel.gnu.linkonce.d*)

.rela.data
 *(.rela.data)
 *(.rela.data.*)
 *(.rela.gnu.linkonce.d*)

.rel.ctors
 *(.rel.ctors)

.rela.ctors
 *(.rela.ctors)

.rel.dtors
 *(.rel.dtors)

.rela.dtors
 *(.rela.dtors)

.rel.got
 *(.rel.got)

.rela.got
 *(.rela.got)

.rel.bss
 *(.rel.bss)

.rela.bss
 *(.rela.bss)

.rel.plt
 *(.rel.plt)

.rela.plt
 *(.rela.plt)

.text           0x0000000000000000      0x172
 *(.vectors)
 .vectors       0x0000000000000000       0xcc D:/MPLAB/xc8/dfp/xc8/avr/lib/avr5/crtatmega324pb.o
                0x0000000000000000                __vector_default
                0x0000000000000000                __vectors
 *(.vectors)
 *(.progmem.gcc*)
 .progmem.gcc_sw_table.main
                0x00000000000000cc       0x10 build/default/production/_ext/511298643/main.o
 *(.dinit)
 .dinit         0x00000000000000dc       0x41 data_init
                0x000000000000011e                . = ALIGN (0x2)
 *fill*         0x000000000000011d        0x1 
                0x000000000000011e                __trampolines_start = .
 *(.trampolines)
 .trampolines   0x000000000000011e        0x0 linker stubs
 *(.trampolines*)
                0x000000000000011e                __trampolines_end = .
 *libprintf_flt.a:*(.progmem.data)
 *libc.a:*(.progmem.data)
                0x000000000000011e                . = ALIGN (0x2)
 *(.jumptables)
 *(.jumptables*)
 *(.lowtext)
 *(.lowtext*)
                0x000000000000011e                __ctors_start = .
 *(.ctors)
                0x000000000000011e                __ctors_end = .
                0x000000000000011e                __dtors_start = .
 *(.dtors)
                0x000000000000011e                __dtors_end = .
 SORT(*)(.ctors)
 SORT(*)(.dtors)
 *(.init0)
 .init0         0x000000000000011e        0x0 D:/MPLAB/xc8/dfp/xc8/avr/lib/avr5/crtatmega324pb.o
                0x000000000000011e                __init
 *(.init0)
 *(.init1)
 *(.init1)
 *(.init2)
 .init2         0x000000000000011e        0xc D:/MPLAB/xc8/dfp/xc8/avr/lib/avr5/crtatmega324pb.o
 *(.init2)
 *(.init3)
 *(.init3)
 *(.init4)
 .init4         0x000000000000012a       0x3c d:/mplab/xc8/avr/bin/../lib/gcc/avr/5.4.0/avr5\libgcc.a(_copy_data.o)
                0x000000000000012a                __do_copy_data
                0x0000000000000158                __do_clear_bss
 *(.init4)
 *(.init5)
 *(.init5)
 *(.init6)
 *(.init6)
 *(.init7)
 *(.init7)
 *(.init8)
 *(.init8)
 *(.init9)
 .init9         0x0000000000000166        0x8 D:/MPLAB/xc8/dfp/xc8/avr/lib/avr5/crtatmega324pb.o
 *(.init9)
                0x000000000000016e                . = ALIGN (0x2)
 *(.fini9)
 .fini9         0x000000000000016e        0x0 d:/mplab/xc8/avr/bin/../lib/gcc/avr/5.4.0/avr5\libgcc.a(_exit.o)
                0x000000000000016e                _exit
 *(.fini9)
 *(.fini8)
 *(.fini8)
 *(.fini7)
 *(.fini7)
 *(.fini6)
 *(.fini6)
 *(.fini5)
 *(.fini5)
 *(.fini4)
 *(.fini4)
 *(.fini3)
 *(.fini3)
 *(.fini2)
 *(.fini2)
 *(.fini1)
 *(.fini1)
 *(.fini0)
 .fini0         0x000000000000016e        0x4 d:/mplab/xc8/avr/bin/../lib/gcc/avr/5.4.0/avr5\libgcc.a(_exit.o)
 *(.fini0)
                0x0000000000000172                _etext = .

.data           0x0000000000800100        0x0 load address 0x0000000000000172
                [!provide]                        PROVIDE (__data_start, .)
 *(.gnu.linkonce.d*)
 *(.gnu.linkonce.r*)
                0x0000000000800100                . = ALIGN (0x2)
                0x0000000000800100                _edata = .
                [!provide]                        PROVIDE (__data_end, .)

.bss            0x0000000000800100        0x2
                [!provide]                        PROVIDE (__bss_start, .)
 *(COMMON)
 COMMON         0x0000000000800100        0x2 d:/mplab/xc8/avr/bin/../lib/gcc/avr/5.4.0/../../../../avr/lib/avr5\libc.a(errno.o)
                0x0000000000800100                __errno_val
                [!provide]                        PROVIDE (__bss_end, .)
                0x0000000000000172                __data_load_start = LOADADDR (.data)
                0x0000000000000172                __data_load_end = (__data_load_start + SIZEOF (.data))

.noinit         0x0000000000800102        0x0
                [!provide]                        PROVIDE (__noinit_start, .)
 *(.noinit*)
                [!provide]                        PROVIDE (__noinit_end, .)
                0x0000000000800102                _end = .

.eeprom         0x0000000000810000        0x0
 *(.eeprom*)
                0x0000000000810000                __eeprom_end = .

.fuse
 *(.fuse)
 *(.lfuse)
 *(.hfuse)
 *(.efuse)

.lock
 *(.lock*)

.signature
 *(.signature*)

.user_signatures
 *(.user_signatures*)

.bootrow
 *(.bootrow*)

.stab
 *(.stab)

.stabstr
 *(.stabstr)

.stab.excl
 *(.stab.excl)

.stab.exclstr
 *(.stab.exclstr)

.stab.index
 *(.stab.index)

.stab.indexstr
 *(.stab.indexstr)

.comment        0x0000000000000000       0x5b
 *(.comment)
 .comment       0x0000000000000000       0x2f build/default/production/_ext/511298643/Si5351.o
                                         0x30 (size before relaxing)
 .comment       0x000000000000002f       0x30 build/default/production/_ext/511298643/button.o
 .comment       0x000000000000002f       0x30 build/default/production/_ext/511298643/ft232.o
 .comment       0x000000000000002f       0x30 build/default/production/_ext/511298643/lcd1602.o
 .comment       0x000000000000002f       0x30 build/default/production/_ext/511298643/rotary_encoder.o
 .comment       0x000000000000002f       0x30 build/default/production/_ext/511298643/twi.o
 .comment       0x000000000000002f       0x30 build/default/production/_ext/511298643/main.o
 .comment       0x000000000000002f       0x2c d:/mplab/xc8/avr/bin/../lib/gcc/avr/5.4.0/../../../../avr/lib/avr5\libm.a(floorf.o)
                                         0x2d (size before relaxing)
 .comment       0x000000000000005b       0x2d d:/mplab/xc8/avr/bin/../lib/gcc/avr/5.4.0/../../../../avr/lib/avr5\libm.a(powf.o)
 .comment       0x000000000000005b       0x2d d:/mplab/xc8/avr/bin/../lib/gcc/avr/5.4.0/../../../../avr/lib/avr5\libm.a(sqrtf.o)
 .comment       0x000000000000005b       0x2d d:/mplab/xc8/avr/bin/../lib/gcc/avr/5.4.0/../../../../avr/lib/avr5\libm.a(fabsf.o)
 .comment       0x000000000000005b       0x2d d:/mplab/xc8/avr/bin/../lib/gcc/avr/5.4.0/../../../../avr/lib/avr5\libm.a(scalbnf.o)
 .comment       0x000000000000005b       0x2d d:/mplab/xc8/avr/bin/../lib/gcc/avr/5.4.0/../../../../avr/lib/avr5\libc.a(errno.o)
 .comment       0x000000000000005b       0x2d d:/mplab/xc8/avr/bin/../lib/gcc/avr/5.4.0/../../../../avr/lib/avr5\libc.a(exit.o)
 .comment       0x000000000000005b       0x2d d:/mplab/xc8/avr/bin/../lib/gcc/avr/5.4.0/../../../../avr/lib/avr5\libc.a(__sio_sprintf_dosux.o)
 .comment       0x000000000000005b       0x2d d:/mplab/xc8/avr/bin/../lib/gcc/avr/5.4.0/../../../../avr/lib/avr5\libc.a(__fmt_d.o)
 .comment       0x000000000000005b       0x2d d:/mplab/xc8/avr/bin/../lib/gcc/avr/5.4.0/../../../../avr/lib/avr5\libc.a(__fmt_o.o)
 .comment       0x000000000000005b       0x2d d:/mplab/xc8/avr/bin/../lib/gcc/avr/5.4.0/../../../../avr/lib/avr5\libc.a(__fmt_s.o)
 .comment       0x000000000000005b       0x2d d:/mplab/xc8/avr/bin/../lib/gcc/avr/5.4.0/../../../../avr/lib/avr5\libc.a(__fmt_u.o)
 .comment       0x000000000000005b       0x2d d:/mplab/xc8/avr/bin/../lib/gcc/avr/5.4.0/../../../../avr/lib/avr5\libc.a(__fmt_x.o)
 .comment       0x000000000000005b       0x2d d:/mplab/xc8/avr/bin/../lib/gcc/avr/5.4.0/../../../../avr/lib/avr5\libc.a(__pop_int.o)
 .comment       0x000000000000005b       0x2d d:/mplab/xc8/avr/bin/../lib/gcc/avr/5.4.0/../../../../avr/lib/avr5\libc.a(__printf_core.o)
 .comment       0x000000000000005b       0x2d d:/mplab/xc8/avr/bin/../lib/gcc/avr/5.4.0/../../../../avr/lib/avr5\libc.a(fputc.o)
 .comment       0x000000000000005b       0x2d d:/mplab/xc8/avr/bin/../lib/gcc/avr/5.4.0/../../../../avr/lib/avr5\libc.a(atol.o)
 .comment       0x000000000000005b       0x2d d:/mplab/xc8/avr/bin/../lib/gcc/avr/5.4.0/../../../../avr/lib/avr5\libc.a(strcmp.o)
 .comment       0x000000000000005b       0x2d d:/mplab/xc8/avr/bin/../lib/gcc/avr/5.4.0/../../../../avr/lib/avr5\libc.a(strlen.o)
 .comment       0x000000000000005b       0x2d d:/mplab/xc8/avr/bin/../lib/gcc/avr/5.4.0/../../../../avr/lib/avr5\libc.a(strncmp.o)
 .comment       0x000000000000005b       0x2d d:/mplab/xc8/avr/bin/../lib/gcc/avr/5.4.0/../../../../avr/lib/avr5\libc.a(tolower.o)
 .comment       0x000000000000005b       0x2d d:/mplab/xc8/avr/bin/../lib/gcc/avr/5.4.0/../../../../avr/lib/avr5\libc.a(toupper.o)
 .comment       0x000000000000005b       0x2d d:/mplab/xc8/avr/bin/../lib/gcc/avr/5.4.0/../../../../avr/lib/avr5\libc.a(_Exit.o)
 .comment       0x000000000000005b       0x2d d:/mplab/xc8/avr/bin/../lib/gcc/avr/5.4.0/../../../../avr/lib/avr5\libc.a(__int_vsprintf.o)
 .comment       0x000000000000005b       0x2d d:/mplab/xc8/avr/bin/../lib/gcc/avr/5.4.0/../../../../avr/lib/avr5\libc.a(__int_vsnprintf.o)
 .comment       0x000000000000005b       0x2d d:/mplab/xc8/avr/bin/../lib/gcc/avr/5.4.0/../../../../avr/lib/avr5\libc.a(__int_vfprintf.o)

.stack.descriptors.hdr
                0x0000000000000000      0x2e6
 .stack.descriptors.hdr
                0x0000000000000000        0xe d:/mplab/xc8/avr/bin/../lib/gcc/avr/5.4.0/../../../../avr/lib/avr5\libm.a(addsf3.o)
 .stack.descriptors.hdr
                0x000000000000000e        0xe d:/mplab/xc8/avr/bin/../lib/gcc/avr/5.4.0/../../../../avr/lib/avr5\libm.a(addsf3x.o)
 .stack.descriptors.hdr
                0x000000000000001c        0xe d:/mplab/xc8/avr/bin/../lib/gcc/avr/5.4.0/../../../../avr/lib/avr5\libm.a(divsf3.o)
 .stack.descriptors.hdr
                0x000000000000002a        0xe d:/mplab/xc8/avr/bin/../lib/gcc/avr/5.4.0/../../../../avr/lib/avr5\libm.a(divsf3x.o)
 .stack.descriptors.hdr
                0x0000000000000038        0xe d:/mplab/xc8/avr/bin/../lib/gcc/avr/5.4.0/../../../../avr/lib/avr5\libm.a(fixunssfsi.o)
 .stack.descriptors.hdr
                0x0000000000000046        0xe d:/mplab/xc8/avr/bin/../lib/gcc/avr/5.4.0/../../../../avr/lib/avr5\libm.a(floatsisf.o)
 .stack.descriptors.hdr
                0x0000000000000054        0xe d:/mplab/xc8/avr/bin/../lib/gcc/avr/5.4.0/../../../../avr/lib/avr5\libm.a(floorf.o)
 .stack.descriptors.hdr
                0x0000000000000062        0xe d:/mplab/xc8/avr/bin/../lib/gcc/avr/5.4.0/../../../../avr/lib/avr5\libm.a(fp_inf.o)
 .stack.descriptors.hdr
                0x0000000000000070        0xe d:/mplab/xc8/avr/bin/../lib/gcc/avr/5.4.0/../../../../avr/lib/avr5\libm.a(fp_nan.o)
 .stack.descriptors.hdr
                0x000000000000007e        0xe d:/mplab/xc8/avr/bin/../lib/gcc/avr/5.4.0/../../../../avr/lib/avr5\libm.a(fp_pscA.o)
 .stack.descriptors.hdr
                0x000000000000008c        0xe d:/mplab/xc8/avr/bin/../lib/gcc/avr/5.4.0/../../../../avr/lib/avr5\libm.a(fp_pscB.o)
 .stack.descriptors.hdr
                0x000000000000009a        0xe d:/mplab/xc8/avr/bin/../lib/gcc/avr/5.4.0/../../../../avr/lib/avr5\libm.a(fp_round.o)
 .stack.descriptors.hdr
                0x00000000000000a8        0xe d:/mplab/xc8/avr/bin/../lib/gcc/avr/5.4.0/../../../../avr/lib/avr5\libm.a(fp_split3.o)
 .stack.descriptors.hdr
                0x00000000000000b6        0xe d:/mplab/xc8/avr/bin/../lib/gcc/avr/5.4.0/../../../../avr/lib/avr5\libm.a(fp_zero.o)
 .stack.descriptors.hdr
                0x00000000000000c4        0xe d:/mplab/xc8/avr/bin/../lib/gcc/avr/5.4.0/../../../../avr/lib/avr5\libm.a(mulsf3.o)
 .stack.descriptors.hdr
                0x00000000000000d2        0xe d:/mplab/xc8/avr/bin/../lib/gcc/avr/5.4.0/../../../../avr/lib/avr5\libm.a(mulsf3x.o)
 .stack.descriptors.hdr
                0x00000000000000e0        0xe d:/mplab/xc8/avr/bin/../lib/gcc/avr/5.4.0/../../../../avr/lib/avr5\libm.a(powf.o)
 .stack.descriptors.hdr
                0x00000000000000ee        0xe d:/mplab/xc8/avr/bin/../lib/gcc/avr/5.4.0/../../../../avr/lib/avr5\libm.a(sqrtf.o)
 .stack.descriptors.hdr
                0x00000000000000fc        0xe d:/mplab/xc8/avr/bin/../lib/gcc/avr/5.4.0/../../../../avr/lib/avr5\libm.a(fabsf.o)
 .stack.descriptors.hdr
                0x000000000000010a        0xe d:/mplab/xc8/avr/bin/../lib/gcc/avr/5.4.0/../../../../avr/lib/avr5\libm.a(scalbnf.o)
 .stack.descriptors.hdr
                0x0000000000000118        0xe d:/mplab/xc8/avr/bin/../lib/gcc/avr/5.4.0/../../../../avr/lib/avr5\libm.a(cmpsf2.o)
 .stack.descriptors.hdr
                0x0000000000000126        0xe d:/mplab/xc8/avr/bin/../lib/gcc/avr/5.4.0/../../../../avr/lib/avr5\libm.a(fp_cmp.o)
 .stack.descriptors.hdr
                0x0000000000000134        0xe d:/mplab/xc8/avr/bin/../lib/gcc/avr/5.4.0/../../../../avr/lib/avr5\libm.a(gesf2.o)
 .stack.descriptors.hdr
                0x0000000000000142        0xe d:/mplab/xc8/avr/bin/../lib/gcc/avr/5.4.0/avr5\libgcc.a(_udivmodhi4.o)
 .stack.descriptors.hdr
                0x0000000000000150        0xe d:/mplab/xc8/avr/bin/../lib/gcc/avr/5.4.0/avr5\libgcc.a(_divmodhi4.o)
 .stack.descriptors.hdr
                0x000000000000015e        0xe d:/mplab/xc8/avr/bin/../lib/gcc/avr/5.4.0/avr5\libgcc.a(_udivmodsi4.o)
 .stack.descriptors.hdr
                0x000000000000016c        0xe d:/mplab/xc8/avr/bin/../lib/gcc/avr/5.4.0/avr5\libgcc.a(_divmodsi4.o)
 .stack.descriptors.hdr
                0x000000000000017a        0xe d:/mplab/xc8/avr/bin/../lib/gcc/avr/5.4.0/avr5\libgcc.a(_negsi2.o)
 .stack.descriptors.hdr
                0x0000000000000188        0xe d:/mplab/xc8/avr/bin/../lib/gcc/avr/5.4.0/avr5\libgcc.a(_tablejump2.o)
 .stack.descriptors.hdr
                0x0000000000000196        0xe d:/mplab/xc8/avr/bin/../lib/gcc/avr/5.4.0/avr5\libgcc.a(_umulhisi3.o)
 .stack.descriptors.hdr
                0x00000000000001a4        0xe d:/mplab/xc8/avr/bin/../lib/gcc/avr/5.4.0/../../../../avr/lib/avr5\libc.a(errno.o)
 .stack.descriptors.hdr
                0x00000000000001b2        0xe d:/mplab/xc8/avr/bin/../lib/gcc/avr/5.4.0/../../../../avr/lib/avr5\libc.a(exit.o)
 .stack.descriptors.hdr
                0x00000000000001c0        0xe d:/mplab/xc8/avr/bin/../lib/gcc/avr/5.4.0/../../../../avr/lib/avr5\libc.a(__sio_sprintf_dosux.o)
 .stack.descriptors.hdr
                0x00000000000001ce        0xe d:/mplab/xc8/avr/bin/../lib/gcc/avr/5.4.0/../../../../avr/lib/avr5\libc.a(__fmt_d.o)
 .stack.descriptors.hdr
                0x00000000000001dc        0xe d:/mplab/xc8/avr/bin/../lib/gcc/avr/5.4.0/../../../../avr/lib/avr5\libc.a(__fmt_o.o)
 .stack.descriptors.hdr
                0x00000000000001ea        0xe d:/mplab/xc8/avr/bin/../lib/gcc/avr/5.4.0/../../../../avr/lib/avr5\libc.a(__fmt_s.o)
 .stack.descriptors.hdr
                0x00000000000001f8        0xe d:/mplab/xc8/avr/bin/../lib/gcc/avr/5.4.0/../../../../avr/lib/avr5\libc.a(__fmt_u.o)
 .stack.descriptors.hdr
                0x0000000000000206        0xe d:/mplab/xc8/avr/bin/../lib/gcc/avr/5.4.0/../../../../avr/lib/avr5\libc.a(__fmt_x.o)
 .stack.descriptors.hdr
                0x0000000000000214        0xe d:/mplab/xc8/avr/bin/../lib/gcc/avr/5.4.0/../../../../avr/lib/avr5\libc.a(__pop_int.o)
 .stack.descriptors.hdr
                0x0000000000000222        0xe d:/mplab/xc8/avr/bin/../lib/gcc/avr/5.4.0/../../../../avr/lib/avr5\libc.a(__printf_core.o)
 .stack.descriptors.hdr
                0x0000000000000230        0xe d:/mplab/xc8/avr/bin/../lib/gcc/avr/5.4.0/../../../../avr/lib/avr5\libc.a(fputc.o)
 .stack.descriptors.hdr
                0x000000000000023e        0xe d:/mplab/xc8/avr/bin/../lib/gcc/avr/5.4.0/../../../../avr/lib/avr5\libc.a(atol.o)
 .stack.descriptors.hdr
                0x000000000000024c        0xe d:/mplab/xc8/avr/bin/../lib/gcc/avr/5.4.0/../../../../avr/lib/avr5\libc.a(strcmp.o)
 .stack.descriptors.hdr
                0x000000000000025a        0xe d:/mplab/xc8/avr/bin/../lib/gcc/avr/5.4.0/../../../../avr/lib/avr5\libc.a(strlen.o)
 .stack.descriptors.hdr
                0x0000000000000268        0xe d:/mplab/xc8/avr/bin/../lib/gcc/avr/5.4.0/../../../../avr/lib/avr5\libc.a(strncmp.o)
 .stack.descriptors.hdr
                0x0000000000000276        0xe d:/mplab/xc8/avr/bin/../lib/gcc/avr/5.4.0/../../../../avr/lib/avr5\libc.a(tolower.o)
 .stack.descriptors.hdr
                0x0000000000000284        0xe d:/mplab/xc8/avr/bin/../lib/gcc/avr/5.4.0/../../../../avr/lib/avr5\libc.a(toupper.o)
 .stack.descriptors.hdr
                0x0000000000000292        0xe d:/mplab/xc8/avr/bin/../lib/gcc/avr/5.4.0/../../../../avr/lib/avr5\libc.a(_Exit.o)
 .stack.descriptors.hdr
                0x00000000000002a0        0xe d:/mplab/xc8/avr/bin/../lib/gcc/avr/5.4.0/../../../../avr/lib/avr5\libc.a(__int_vsprintf.o)
 .stack.descriptors.hdr
                0x00000000000002ae        0xe d:/mplab/xc8/avr/bin/../lib/gcc/avr/5.4.0/../../../../avr/lib/avr5\libc.a(__int_vsnprintf.o)
 .stack.descriptors.hdr
                0x00000000000002bc        0xe d:/mplab/xc8/avr/bin/../lib/gcc/avr/5.4.0/../../../../avr/lib/avr5\libc.a(__int_vfprintf.o)
 .stack.descriptors.hdr
                0x00000000000002ca        0xe d:/mplab/xc8/avr/bin/../lib/gcc/avr/5.4.0/avr5\libgcc.a(_exit.o)
 .stack.descriptors.hdr
                0x00000000000002d8        0xe d:/mplab/xc8/avr/bin/../lib/gcc/avr/5.4.0/avr5\libgcc.a(_muluhisi3.o)

.note.GNU-stack
                0x0000000000000000        0x0
 .note.GNU-stack
                0x0000000000000000        0x0 d:/mplab/xc8/avr/bin/../lib/gcc/avr/5.4.0/../../../../avr/lib/avr5\libm.a(addsf3.o)
 .note.GNU-stack
                0x0000000000000000        0x0 d:/mplab/xc8/avr/bin/../lib/gcc/avr/5.4.0/../../../../avr/lib/avr5\libm.a(addsf3x.o)
 .note.GNU-stack
                0x0000000000000000        0x0 d:/mplab/xc8/avr/bin/../lib/gcc/avr/5.4.0/../../../../avr/lib/avr5\libm.a(divsf3.o)
 .note.GNU-stack
                0x0000000000000000        0x0 d:/mplab/xc8/avr/bin/../lib/gcc/avr/5.4.0/../../../../avr/lib/avr5\libm.a(divsf3x.o)
 .note.GNU-stack
                0x0000000000000000        0x0 d:/mplab/xc8/avr/bin/../lib/gcc/avr/5.4.0/../../../../avr/lib/avr5\libm.a(fixunssfsi.o)
 .note.GNU-stack
                0x0000000000000000        0x0 d:/mplab/xc8/avr/bin/../lib/gcc/avr/5.4.0/../../../../avr/lib/avr5\libm.a(floatsisf.o)
 .note.GNU-stack
                0x0000000000000000        0x0 d:/mplab/xc8/avr/bin/../lib/gcc/avr/5.4.0/../../../../avr/lib/avr5\libm.a(floorf.o)
 .note.GNU-stack
                0x0000000000000000        0x0 d:/mplab/xc8/avr/bin/../lib/gcc/avr/5.4.0/../../../../avr/lib/avr5\libm.a(fp_inf.o)
 .note.GNU-stack
                0x0000000000000000        0x0 d:/mplab/xc8/avr/bin/../lib/gcc/avr/5.4.0/../../../../avr/lib/avr5\libm.a(fp_nan.o)
 .note.GNU-stack
                0x0000000000000000        0x0 d:/mplab/xc8/avr/bin/../lib/gcc/avr/5.4.0/../../../../avr/lib/avr5\libm.a(fp_pscA.o)
 .note.GNU-stack
                0x0000000000000000        0x0 d:/mplab/xc8/avr/bin/../lib/gcc/avr/5.4.0/../../../../avr/lib/avr5\libm.a(fp_pscB.o)
 .note.GNU-stack
                0x0000000000000000        0x0 d:/mplab/xc8/avr/bin/../lib/gcc/avr/5.4.0/../../../../avr/lib/avr5\libm.a(fp_round.o)
 .note.GNU-stack
                0x0000000000000000        0x0 d:/mplab/xc8/avr/bin/../lib/gcc/avr/5.4.0/../../../../avr/lib/avr5\libm.a(fp_split3.o)
 .note.GNU-stack
                0x0000000000000000        0x0 d:/mplab/xc8/avr/bin/../lib/gcc/avr/5.4.0/../../../../avr/lib/avr5\libm.a(fp_zero.o)
 .note.GNU-stack
                0x0000000000000000        0x0 d:/mplab/xc8/avr/bin/../lib/gcc/avr/5.4.0/../../../../avr/lib/avr5\libm.a(mulsf3.o)
 .note.GNU-stack
                0x0000000000000000        0x0 d:/mplab/xc8/avr/bin/../lib/gcc/avr/5.4.0/../../../../avr/lib/avr5\libm.a(mulsf3x.o)
 .note.GNU-stack
                0x0000000000000000        0x0 d:/mplab/xc8/avr/bin/../lib/gcc/avr/5.4.0/../../../../avr/lib/avr5\libm.a(powf.o)
 .note.GNU-stack
                0x0000000000000000        0x0 d:/mplab/xc8/avr/bin/../lib/gcc/avr/5.4.0/../../../../avr/lib/avr5\libm.a(sqrtf.o)
 .note.GNU-stack
                0x0000000000000000        0x0 d:/mplab/xc8/avr/bin/../lib/gcc/avr/5.4.0/../../../../avr/lib/avr5\libm.a(fabsf.o)
 .note.GNU-stack
                0x0000000000000000        0x0 d:/mplab/xc8/avr/bin/../lib/gcc/avr/5.4.0/../../../../avr/lib/avr5\libm.a(scalbnf.o)
 .note.GNU-stack
                0x0000000000000000        0x0 d:/mplab/xc8/avr/bin/../lib/gcc/avr/5.4.0/../../../../avr/lib/avr5\libm.a(cmpsf2.o)
 .note.GNU-stack
                0x0000000000000000        0x0 d:/mplab/xc8/avr/bin/../lib/gcc/avr/5.4.0/../../../../avr/lib/avr5\libm.a(fp_cmp.o)
 .note.GNU-stack
                0x0000000000000000        0x0 d:/mplab/xc8/avr/bin/../lib/gcc/avr/5.4.0/../../../../avr/lib/avr5\libm.a(gesf2.o)
 .note.GNU-stack
                0x0000000000000000        0x0 d:/mplab/xc8/avr/bin/../lib/gcc/avr/5.4.0/../../../../avr/lib/avr5\libc.a(errno.o)
 .note.GNU-stack
                0x0000000000000000        0x0 d:/mplab/xc8/avr/bin/../lib/gcc/avr/5.4.0/../../../../avr/lib/avr5\libc.a(exit.o)
 .note.GNU-stack
                0x0000000000000000        0x0 d:/mplab/xc8/avr/bin/../lib/gcc/avr/5.4.0/../../../../avr/lib/avr5\libc.a(__sio_sprintf_dosux.o)
 .note.GNU-stack
                0x0000000000000000        0x0 d:/mplab/xc8/avr/bin/../lib/gcc/avr/5.4.0/../../../../avr/lib/avr5\libc.a(__fmt_d.o)
 .note.GNU-stack
                0x0000000000000000        0x0 d:/mplab/xc8/avr/bin/../lib/gcc/avr/5.4.0/../../../../avr/lib/avr5\libc.a(__fmt_o.o)
 .note.GNU-stack
                0x0000000000000000        0x0 d:/mplab/xc8/avr/bin/../lib/gcc/avr/5.4.0/../../../../avr/lib/avr5\libc.a(__fmt_s.o)
 .note.GNU-stack
                0x0000000000000000        0x0 d:/mplab/xc8/avr/bin/../lib/gcc/avr/5.4.0/../../../../avr/lib/avr5\libc.a(__fmt_u.o)
 .note.GNU-stack
                0x0000000000000000        0x0 d:/mplab/xc8/avr/bin/../lib/gcc/avr/5.4.0/../../../../avr/lib/avr5\libc.a(__fmt_x.o)
 .note.GNU-stack
                0x0000000000000000        0x0 d:/mplab/xc8/avr/bin/../lib/gcc/avr/5.4.0/../../../../avr/lib/avr5\libc.a(__pop_int.o)
 .note.GNU-stack
                0x0000000000000000        0x0 d:/mplab/xc8/avr/bin/../lib/gcc/avr/5.4.0/../../../../avr/lib/avr5\libc.a(__printf_core.o)
 .note.GNU-stack
                0x0000000000000000        0x0 d:/mplab/xc8/avr/bin/../lib/gcc/avr/5.4.0/../../../../avr/lib/avr5\libc.a(fputc.o)
 .note.GNU-stack
                0x0000000000000000        0x0 d:/mplab/xc8/avr/bin/../lib/gcc/avr/5.4.0/../../../../avr/lib/avr5\libc.a(atol.o)
 .note.GNU-stack
                0x0000000000000000        0x0 d:/mplab/xc8/avr/bin/../lib/gcc/avr/5.4.0/../../../../avr/lib/avr5\libc.a(strcmp.o)
 .note.GNU-stack
                0x0000000000000000        0x0 d:/mplab/xc8/avr/bin/../lib/gcc/avr/5.4.0/../../../../avr/lib/avr5\libc.a(strlen.o)
 .note.GNU-stack
                0x0000000000000000        0x0 d:/mplab/xc8/avr/bin/../lib/gcc/avr/5.4.0/../../../../avr/lib/avr5\libc.a(strncmp.o)
 .note.GNU-stack
                0x0000000000000000        0x0 d:/mplab/xc8/avr/bin/../lib/gcc/avr/5.4.0/../../../../avr/lib/avr5\libc.a(tolower.o)
 .note.GNU-stack
                0x0000000000000000        0x0 d:/mplab/xc8/avr/bin/../lib/gcc/avr/5.4.0/../../../../avr/lib/avr5\libc.a(toupper.o)
 .note.GNU-stack
                0x0000000000000000        0x0 d:/mplab/xc8/avr/bin/../lib/gcc/avr/5.4.0/../../../../avr/lib/avr5\libc.a(_Exit.o)
 .note.GNU-stack
                0x0000000000000000        0x0 d:/mplab/xc8/avr/bin/../lib/gcc/avr/5.4.0/../../../../avr/lib/avr5\libc.a(__int_vsprintf.o)
 .note.GNU-stack
                0x0000000000000000        0x0 d:/mplab/xc8/avr/bin/../lib/gcc/avr/5.4.0/../../../../avr/lib/avr5\libc.a(__int_vsnprintf.o)
 .note.GNU-stack
                0x0000000000000000        0x0 d:/mplab/xc8/avr/bin/../lib/gcc/avr/5.4.0/../../../../avr/lib/avr5\libc.a(__int_vfprintf.o)

.note.gnu.build-id
 *(.note.gnu.build-id)

.debug
 *(.debug)

.line
 *(.line)

.debug_srcinfo
 *(.debug_srcinfo)

.debug_sfnames
 *(.debug_sfnames)

.debug_aranges  0x0000000000000000      0x238
 *(.debug_aranges)
 .debug_aranges
                0x0000000000000000       0x70 build/default/production/_ext/511298643/Si5351.o
 .debug_aranges
                0x0000000000000070       0x48 build/default/production/_ext/511298643/button.o
 .debug_aranges
                0x00000000000000b8       0x40 build/default/production/_ext/511298643/ft232.o
 .debug_aranges
                0x00000000000000f8       0x70 build/default/production/_ext/511298643/lcd1602.o
 .debug_aranges
                0x0000000000000168       0x20 build/default/production/_ext/511298643/rotary_encoder.o
 .debug_aranges
                0x0000000000000188       0x68 build/default/production/_ext/511298643/twi.o
 .debug_aranges
                0x00000000000001f0       0x48 build/default/production/_ext/511298643/main.o

.debug_pubnames
 *(.debug_pubnames)

.debug_info     0x0000000000000000     0x578a
 *(.debug_info .gnu.linkonce.wi.*)
 .debug_info    0x0000000000000000      0x9bb D:/MPLAB/xc8/dfp/xc8/avr/lib/avr5/crtatmega324pb.o
 .debug_info    0x00000000000009bb     0x1ab0 build/default/production/_ext/511298643/Si5351.o
 .debug_info    0x000000000000246b      0x584 build/default/production/_ext/511298643/button.o
 .debug_info    0x00000000000029ef      0x9a7 build/default/production/_ext/511298643/ft232.o
 .debug_info    0x0000000000003396      0x832 build/default/production/_ext/511298643/lcd1602.o
 .debug_info    0x0000000000003bc8      0x247 build/default/production/_ext/511298643/rotary_encoder.o
 .debug_info    0x0000000000003e0f      0x401 build/default/production/_ext/511298643/twi.o
 .debug_info    0x0000000000004210     0x157a build/default/production/_ext/511298643/main.o

.debug_abbrev   0x0000000000000000     0x1310
 *(.debug_abbrev)
 .debug_abbrev  0x0000000000000000      0x934 D:/MPLAB/xc8/dfp/xc8/avr/lib/avr5/crtatmega324pb.o
 .debug_abbrev  0x0000000000000934      0x277 build/default/production/_ext/511298643/Si5351.o
 .debug_abbrev  0x0000000000000bab       0xfa build/default/production/_ext/511298643/button.o
 .debug_abbrev  0x0000000000000ca5      0x144 build/default/production/_ext/511298643/ft232.o
 .debug_abbrev  0x0000000000000de9      0x1e6 build/default/production/_ext/511298643/lcd1602.o
 .debug_abbrev  0x0000000000000fcf       0x46 build/default/production/_ext/511298643/rotary_encoder.o
 .debug_abbrev  0x0000000000001015       0xe4 build/default/production/_ext/511298643/twi.o
 .debug_abbrev  0x00000000000010f9      0x217 build/default/production/_ext/511298643/main.o

.debug_line     0x0000000000000000     0x190d
 *(.debug_line .debug_line.* .debug_line_end)
 .debug_line    0x0000000000000000      0x1ca D:/MPLAB/xc8/dfp/xc8/avr/lib/avr5/crtatmega324pb.o
 .debug_line    0x00000000000001ca      0x4e2 build/default/production/_ext/511298643/Si5351.o
 .debug_line    0x00000000000006ac      0x221 build/default/production/_ext/511298643/button.o
 .debug_line    0x00000000000008cd      0x2d7 build/default/production/_ext/511298643/ft232.o
 .debug_line    0x0000000000000ba4      0x2c6 build/default/production/_ext/511298643/lcd1602.o
 .debug_line    0x0000000000000e6a       0xb3 build/default/production/_ext/511298643/rotary_encoder.o
 .debug_line    0x0000000000000f1d      0x257 build/default/production/_ext/511298643/twi.o
 .debug_line    0x0000000000001174      0x799 build/default/production/_ext/511298643/main.o

.debug_frame    0x0000000000000000      0x598
 *(.debug_frame)
 .debug_frame   0x0000000000000000      0x1f4 build/default/production/_ext/511298643/Si5351.o
 .debug_frame   0x00000000000001f4       0x74 build/default/production/_ext/511298643/button.o
 .debug_frame   0x0000000000000268       0xa0 build/default/production/_ext/511298643/ft232.o
 .debug_frame   0x0000000000000308       0xfc build/default/production/_ext/511298643/lcd1602.o
 .debug_frame   0x0000000000000404       0x24 build/default/production/_ext/511298643/rotary_encoder.o
 .debug_frame   0x0000000000000428       0xc4 build/default/production/_ext/511298643/twi.o
 .debug_frame   0x00000000000004ec       0xac build/default/production/_ext/511298643/main.o

.debug_str      0x0000000000000000      0x539
 *(.debug_str)
 .debug_str     0x0000000000000000      0x35a D:/MPLAB/xc8/dfp/xc8/avr/lib/avr5/crtatmega324pb.o
 .debug_str     0x000000000000035a       0x5c build/default/production/_ext/511298643/Si5351.o
 .debug_str     0x00000000000003b6        0x0 build/default/production/_ext/511298643/button.o
 .debug_str     0x00000000000003b6        0x7 build/default/production/_ext/511298643/ft232.o
 .debug_str     0x00000000000003bd        0x7 build/default/production/_ext/511298643/lcd1602.o
 .debug_str     0x00000000000003c4        0x0 build/default/production/_ext/511298643/rotary_encoder.o
 .debug_str     0x00000000000003c4        0x0 build/default/production/_ext/511298643/twi.o
 .debug_str     0x00000000000003c4      0x175 build/default/production/_ext/511298643/main.o

.debug_loc      0x0000000000000000     0x15f7
 *(.debug_loc)
 .debug_loc     0x0000000000000000      0x8e2 build/default/production/_ext/511298643/Si5351.o
 .debug_loc     0x00000000000008e2      0x2bc build/default/production/_ext/511298643/button.o
 .debug_loc     0x0000000000000b9e      0x1b9 build/default/production/_ext/511298643/ft232.o
 .debug_loc     0x0000000000000d57      0x4b3 build/default/production/_ext/511298643/lcd1602.o
 .debug_loc     0x000000000000120a       0xad build/default/production/_ext/511298643/twi.o
 .debug_loc     0x00000000000012b7      0x340 build/default/production/_ext/511298643/main.o

.debug_macinfo
 *(.debug_macinfo)

.debug_weaknames
 *(.debug_weaknames)

.debug_funcnames
 *(.debug_funcnames)

.debug_typenames
 *(.debug_typenames)

.debug_varnames
 *(.debug_varnames)

.debug_pubtypes
 *(.debug_pubtypes)

.debug_ranges   0x0000000000000000      0x1f8
 *(.debug_ranges)
 .debug_ranges  0x0000000000000000       0x60 build/default/production/_ext/511298643/Si5351.o
 .debug_ranges  0x0000000000000060       0x38 build/default/production/_ext/511298643/button.o
 .debug_ranges  0x0000000000000098       0x30 build/default/production/_ext/511298643/ft232.o
 .debug_ranges  0x00000000000000c8       0x60 build/default/production/_ext/511298643/lcd1602.o
 .debug_ranges  0x0000000000000128       0x10 build/default/production/_ext/511298643/rotary_encoder.o
 .debug_ranges  0x0000000000000138       0x58 build/default/production/_ext/511298643/twi.o
 .debug_ranges  0x0000000000000190       0x68 build/default/production/_ext/511298643/main.o

.debug_macro
 *(.debug_macro)
OUTPUT(dist/default/production/m3_testing.X.production.elf elf32-avr)
LOAD linker stubs
LOAD data_init

.note.gnu.avr.deviceinfo
                0x0000000000000000       0x40
 .note.gnu.avr.deviceinfo
                0x0000000000000000       0x40 D:/MPLAB/xc8/dfp/xc8/avr/lib/avr5/crtatmega324pb.o

.bss.lastRdivValue
                0x0000000000800447        0xc
 .bss.lastRdivValue
                0x0000000000800447        0xc build/default/production/_ext/511298643/Si5351.o
                0x0000000000800447                lastRdivValue

.bss.IF_freq    0x0000000000800478        0x2
 .bss.IF_freq   0x0000000000800478        0x2 build/default/production/_ext/511298643/ft232.o
                0x0000000000800478                IF_freq

.bss.state      0x000000000080047a        0x2
 .bss.state     0x000000000080047a        0x2 build/default/production/_ext/511298643/ft232.o
                0x000000000080047a                state

.bss.Khz        0x000000000080047c        0x2
 .bss.Khz       0x000000000080047c        0x2 build/default/production/_ext/511298643/ft232.o
                0x000000000080047c                Khz

.bss.Mhz        0x000000000080047e        0x2
 .bss.Mhz       0x000000000080047e        0x2 build/default/production/_ext/511298643/ft232.o
                0x000000000080047e                Mhz

.bss.current_state
                0x0000000000800498        0x1
 .bss.current_state
                0x0000000000800498        0x1 build/default/production/_ext/511298643/main.o
                0x0000000000800498                current_state

.bss.page_index
                0x0000000000800480        0x2
 .bss.page_index
                0x0000000000800480        0x2 build/default/production/_ext/511298643/main.o
                0x0000000000800480                page_index

.bss.TXEN_N     0x0000000000800499        0x1
 .bss.TXEN_N    0x0000000000800499        0x1 build/default/production/_ext/511298643/main.o
                0x0000000000800499                TXEN_N

.bss.PLL_freq   0x000000000080048e        0x2
 .bss.PLL_freq  0x000000000080048e        0x2 build/default/production/_ext/511298643/main.o
                0x000000000080048e                PLL_freq

.bss.user_confirmed_freq_Khz
                0x0000000000800490        0x2
 .bss.user_confirmed_freq_Khz
                0x0000000000800490        0x2 build/default/production/_ext/511298643/main.o
                0x0000000000800490                user_confirmed_freq_Khz

.bss.user_confirmed_freq_Mhz
                0x0000000000800492        0x2
 .bss.user_confirmed_freq_Mhz
                0x0000000000800492        0x2 build/default/production/_ext/511298643/main.o
                0x0000000000800492                user_confirmed_freq_Mhz

.bss.computer_input_detected
                0x000000000080049b        0x1
 .bss.computer_input_detected
                0x000000000080049b        0x1 build/default/production/_ext/511298643/main.o
                0x000000000080049b                computer_input_detected

.bss.index      0x000000000080049c        0x1
 .bss.index     0x000000000080049c        0x1 build/default/production/_ext/511298643/main.o
                0x000000000080049c                index

.bss.cmdBuffer  0x00000000008003f1       0x40
 .bss.cmdBuffer
                0x00000000008003f1       0x40 build/default/production/_ext/511298643/main.o
                0x00000000008003f1                cmdBuffer

.bss.old_state_2
                0x000000000080049d        0x1
 .bss.old_state_2
                0x000000000080049d        0x1 build/default/production/_ext/511298643/main.o
                0x000000000080049d                old_state_2

.bss.old_state_1
                0x000000000080049e        0x1
 .bss.old_state_1
                0x000000000080049e        0x1 build/default/production/_ext/511298643/main.o
                0x000000000080049e                old_state_1

.bss.encoder2_count
                0x0000000000800494        0x2
 .bss.encoder2_count
                0x0000000000800494        0x2 build/default/production/_ext/511298643/main.o
                0x0000000000800494                encoder2_count

.bss.encoder1_count
                0x0000000000800496        0x2
 .bss.encoder1_count
                0x0000000000800496        0x2 build/default/production/_ext/511298643/main.o
                0x0000000000800496                encoder1_count

.text.powf      0x0000000000000172      0xc3e
 .text.powf     0x0000000000000172      0xc3e d:/mplab/xc8/avr/bin/../lib/gcc/avr/5.4.0/../../../../avr/lib/avr5\libm.a(powf.o)
                0x0000000000000172                pow
                0x0000000000000172                powl
                0x0000000000000172                powf

.text.main      0x0000000000000db0      0x62c
 .text.main     0x0000000000000db0      0x62c build/default/production/_ext/511298643/main.o
                0x0000000000000db0                main

.text.vfpfcnvrt
                0x00000000000013dc      0x3fc
 .text.vfpfcnvrt
                0x00000000000013dc      0x3fc d:/mplab/xc8/avr/bin/../lib/gcc/avr/5.4.0/../../../../avr/lib/avr5\libc.a(__printf_core.o)
                0x00000000000013dc                vfpfcnvrt

.text.setup_clock
                0x00000000000017d8      0x3be
 .text.setup_clock
                0x00000000000017d8      0x3be build/default/production/_ext/511298643/Si5351.o
                0x00000000000017d8                setup_clock

.text.ProcessCATCommand
                0x0000000000001b96      0x39a
 .text.ProcessCATCommand
                0x0000000000001b96      0x39a build/default/production/_ext/511298643/ft232.o
                0x0000000000001b96                ProcessCATCommand

.text.setup_PLL
                0x0000000000001f30      0x23a
 .text.setup_PLL
                0x0000000000001f30      0x23a build/default/production/_ext/511298643/Si5351.o
                0x0000000000001f30                setup_PLL

.text.comp_display
                0x000000000000216a      0x214
 .text.comp_display
                0x000000000000216a      0x214 build/default/production/_ext/511298643/main.o
                0x000000000000216a                comp_display

.text.__fmt_x   0x000000000000237e      0x1dc
 .text.__fmt_x  0x000000000000237e      0x1dc d:/mplab/xc8/avr/bin/../lib/gcc/avr/5.4.0/../../../../avr/lib/avr5\libc.a(__fmt_x.o)
                0x000000000000237e                __fmt_x_needed
                0x000000000000237e                __fmt_x

.text.sqrtf     0x000000000000255a      0x1ac
 .text.sqrtf    0x000000000000255a      0x1ac d:/mplab/xc8/avr/bin/../lib/gcc/avr/5.4.0/../../../../avr/lib/avr5\libm.a(sqrtf.o)
                0x000000000000255a                sqrtl
                0x000000000000255a                sqrtf
                0x000000000000255a                sqrt

.text.floorf    0x0000000000002706       0xe6
 .text.floorf   0x0000000000002706       0xe6 d:/mplab/xc8/avr/bin/../lib/gcc/avr/5.4.0/../../../../avr/lib/avr5\libm.a(floorf.o)
                0x0000000000002706                floorf

.text.__fmt_d   0x00000000000027ec       0xe4
 .text.__fmt_d  0x00000000000027ec       0xe4 d:/mplab/xc8/avr/bin/../lib/gcc/avr/5.4.0/../../../../avr/lib/avr5\libc.a(__fmt_d.o)
                0x00000000000027ec                __fmt_d
                0x00000000000027ec                __fmt_d_needed

.text           0x00000000000028d0       0xde
 .text          0x00000000000028d0       0xde d:/mplab/xc8/avr/bin/../lib/gcc/avr/5.4.0/../../../../avr/lib/avr5\libm.a(divsf3x.o)
                0x00000000000028d0                __divsf3x
                0x00000000000028f8                __divsf3_pse

.text           0x00000000000029ae       0xd4
 .text          0x00000000000029ae       0xd4 d:/mplab/xc8/avr/bin/../lib/gcc/avr/5.4.0/../../../../avr/lib/avr5\libm.a(mulsf3x.o)
                0x00000000000029ae                __mulsf3x
                0x00000000000029d4                __mulsf3_pse

.text.__pop_int
                0x0000000000002a82       0xd0
 .text.__pop_int
                0x0000000000002a82       0xd0 d:/mplab/xc8/avr/bin/../lib/gcc/avr/5.4.0/../../../../avr/lib/avr5\libc.a(__pop_int.o)
                0x0000000000002a82                __pop_int_needed
                0x0000000000002a82                __pop_int

.text           0x0000000000002b52       0xce
 .text          0x0000000000002b52       0xce d:/mplab/xc8/avr/bin/../lib/gcc/avr/5.4.0/../../../../avr/lib/avr5\libm.a(addsf3x.o)
                0x0000000000002b52                __addsf3x

.text.__cvt_u   0x0000000000002c20       0xca
 .text.__cvt_u  0x0000000000002c20       0xca d:/mplab/xc8/avr/bin/../lib/gcc/avr/5.4.0/../../../../avr/lib/avr5\libc.a(__fmt_u.o)
                0x0000000000002c20                __cvt_u

.text.si5351_init
                0x0000000000002cea       0xb6
 .text.si5351_init
                0x0000000000002cea       0xb6 build/default/production/_ext/511298643/Si5351.o
                0x0000000000002cea                si5351_init

.text.__vector_4
                0x0000000000002da0       0xb2
 .text.__vector_4
                0x0000000000002da0       0xb2 build/default/production/_ext/511298643/main.o
                0x0000000000002da0                __vector_4

.text.__vector_6
                0x0000000000002e52       0xb2
 .text.__vector_6
                0x0000000000002e52       0xb2 build/default/production/_ext/511298643/main.o
                0x0000000000002e52                __vector_6

.text.scalbnf   0x0000000000002f04       0xb2
 .text.scalbnf  0x0000000000002f04       0xb2 d:/mplab/xc8/avr/bin/../lib/gcc/avr/5.4.0/../../../../avr/lib/avr5\libm.a(scalbnf.o)
                0x0000000000002f04                scalbnf

.text.__fmt_o   0x0000000000002fb6       0xb2
 .text.__fmt_o  0x0000000000002fb6       0xb2 d:/mplab/xc8/avr/bin/../lib/gcc/avr/5.4.0/../../../../avr/lib/avr5\libc.a(__fmt_o.o)
                0x0000000000002fb6                __fmt_o
                0x0000000000002fb6                __fmt_o_needed

.text.LCD_showNum
                0x0000000000003068       0xa0
 .text.LCD_showNum
                0x0000000000003068       0xa0 build/default/production/_ext/511298643/lcd1602.o
                0x0000000000003068                LCD_showNum

.text.atol      0x0000000000003108       0xa0
 .text.atol     0x0000000000003108       0xa0 d:/mplab/xc8/avr/bin/../lib/gcc/avr/5.4.0/../../../../avr/lib/avr5\libc.a(atol.o)
                0x0000000000003108                atol

.text.fputc     0x00000000000031a8       0x98
 .text.fputc    0x00000000000031a8       0x98 d:/mplab/xc8/avr/bin/../lib/gcc/avr/5.4.0/../../../../avr/lib/avr5\libc.a(fputc.o)
                0x00000000000031a8                fputc
                0x00000000000031a8                putc

.text.__fmt_u   0x0000000000003240       0x8e
 .text.__fmt_u  0x0000000000003240       0x8e d:/mplab/xc8/avr/bin/../lib/gcc/avr/5.4.0/../../../../avr/lib/avr5\libc.a(__fmt_u.o)
                0x0000000000003240                __fmt_u_needed
                0x0000000000003240                __fmt_u

.text           0x00000000000032ce       0x7a
 .text          0x00000000000032ce       0x7a d:/mplab/xc8/avr/bin/../lib/gcc/avr/5.4.0/../../../../avr/lib/avr5\libm.a(floatsisf.o)
                0x00000000000032ce                __floatunsisf
                0x00000000000032d2                __floatsisf

.text.__printf_core
                0x0000000000003348       0x78
 .text.__printf_core
                0x0000000000003348       0x78 d:/mplab/xc8/avr/bin/../lib/gcc/avr/5.4.0/../../../../avr/lib/avr5\libc.a(__printf_core.o)
                0x0000000000003348                __printf_core

.text.__vsnprintf
                0x00000000000033c0       0x74
 .text.__vsnprintf
                0x00000000000033c0       0x74 d:/mplab/xc8/avr/bin/../lib/gcc/avr/5.4.0/../../../../avr/lib/avr5\libc.a(__int_vsnprintf.o)
                0x00000000000033c0                __vsnprintf

.text.__pad     0x0000000000003434       0x72
 .text.__pad    0x0000000000003434       0x72 d:/mplab/xc8/avr/bin/../lib/gcc/avr/5.4.0/../../../../avr/lib/avr5\libc.a(__printf_core.o)
                0x0000000000003434                __pad

.text.read      0x00000000000034a6       0x68
 .text.read     0x00000000000034a6       0x68 build/default/production/_ext/511298643/Si5351.o

.text           0x000000000000350e       0x5e
 .text          0x000000000000350e       0x5e d:/mplab/xc8/avr/bin/../lib/gcc/avr/5.4.0/../../../../avr/lib/avr5\libm.a(fixunssfsi.o)
                0x000000000000350e                __fixunssfsi

.text.read_prec_or_width
                0x000000000000356c       0x5c
 .text.read_prec_or_width
                0x000000000000356c       0x5c d:/mplab/xc8/avr/bin/../lib/gcc/avr/5.4.0/../../../../avr/lib/avr5\libc.a(__printf_core.o)

.text.handle_UART
                0x00000000000035c8       0x56
 .text.handle_UART
                0x00000000000035c8       0x56 build/default/production/_ext/511298643/main.o
                0x00000000000035c8                handle_UART

.text.__fmt_s   0x000000000000361e       0x54
 .text.__fmt_s  0x000000000000361e       0x54 d:/mplab/xc8/avr/bin/../lib/gcc/avr/5.4.0/../../../../avr/lib/avr5\libc.a(__fmt_s.o)
                0x000000000000361e                __fmt_s
                0x000000000000361e                __fmt_0_needed
                0x000000000000361e                __fmt_s_needed

.text           0x0000000000003672       0x48
 .text          0x0000000000003672       0x48 d:/mplab/xc8/avr/bin/../lib/gcc/avr/5.4.0/../../../../avr/lib/avr5\libm.a(fp_cmp.o)
                0x0000000000003672                __fp_cmp

.text           0x00000000000036ba       0x44
 .text          0x00000000000036ba       0x44 d:/mplab/xc8/avr/bin/../lib/gcc/avr/5.4.0/../../../../avr/lib/avr5\libm.a(fp_split3.o)
                0x00000000000036ba                __fp_split3
                0x00000000000036ca                __fp_splitA

.text.libgcc.div
                0x00000000000036fe       0x44
 .text.libgcc.div
                0x00000000000036fe       0x44 d:/mplab/xc8/avr/bin/../lib/gcc/avr/5.4.0/avr5\libgcc.a(_udivmodsi4.o)
                0x00000000000036fe                __udivmodsi4

.text.__fmt_state
                0x0000000000003742       0x40
 .text.__fmt_state
                0x0000000000003742       0x40 d:/mplab/xc8/avr/bin/../lib/gcc/avr/5.4.0/../../../../avr/lib/avr5\libc.a(__printf_core.o)
                0x0000000000003742                __fmt_state

.text.encoder_setup
                0x0000000000003782       0x3e
 .text.encoder_setup
                0x0000000000003782       0x3e build/default/production/_ext/511298643/rotary_encoder.o
                0x0000000000003782                encoder_setup

.text.strncmp   0x00000000000037c0       0x3e
 .text.strncmp  0x00000000000037c0       0x3e d:/mplab/xc8/avr/bin/../lib/gcc/avr/5.4.0/../../../../avr/lib/avr5\libc.a(strncmp.o)
                0x00000000000037c0                strncmp

.text.encoder_init
                0x00000000000037fe       0x3a
 .text.encoder_init
                0x00000000000037fe       0x3a build/default/production/_ext/511298643/main.o
                0x00000000000037fe                encoder_init

.text.__out     0x0000000000003838       0x3a
 .text.__out    0x0000000000003838       0x3a d:/mplab/xc8/avr/bin/../lib/gcc/avr/5.4.0/../../../../avr/lib/avr5\libc.a(__printf_core.o)
                0x0000000000003838                __out

.text.set_phase
                0x0000000000003872       0x38
 .text.set_phase
                0x0000000000003872       0x38 build/default/production/_ext/511298643/Si5351.o
                0x0000000000003872                set_phase

.text.libgcc.prologue
                0x00000000000038aa       0x38
 .text.libgcc.prologue
                0x00000000000038aa       0x38 d:/mplab/xc8/avr/bin/../lib/gcc/avr/5.4.0/avr5\libgcc.a(_prologue.o)
                0x00000000000038aa                __prologue_saves__

.text.libgcc.prologue
                0x00000000000038e2       0x36
 .text.libgcc.prologue
                0x00000000000038e2       0x36 d:/mplab/xc8/avr/bin/../lib/gcc/avr/5.4.0/avr5\libgcc.a(_epilogue.o)
                0x00000000000038e2                __epilogue_restores__

.text.LCD_writeCommand
                0x0000000000003918       0x32
 .text.LCD_writeCommand
                0x0000000000003918       0x32 build/default/production/_ext/511298643/lcd1602.o
                0x0000000000003918                LCD_writeCommand

.text.LCD_writeData
                0x000000000000394a       0x32
 .text.LCD_writeData
                0x000000000000394a       0x32 build/default/production/_ext/511298643/lcd1602.o
                0x000000000000394a                LCD_writeData

.text.LCD_showString
                0x000000000000397c       0x30
 .text.LCD_showString
                0x000000000000397c       0x30 build/default/production/_ext/511298643/lcd1602.o
                0x000000000000397c                LCD_showString

.text.__vfprintf
                0x00000000000039ac       0x30
 .text.__vfprintf
                0x00000000000039ac       0x30 d:/mplab/xc8/avr/bin/../lib/gcc/avr/5.4.0/../../../../avr/lib/avr5\libc.a(__int_vfprintf.o)
                0x00000000000039ac                __vfprintf

.text.libgcc.div
                0x00000000000039dc       0x2e
 .text.libgcc.div
                0x00000000000039dc       0x2e d:/mplab/xc8/avr/bin/../lib/gcc/avr/5.4.0/avr5\libgcc.a(_divmodsi4.o)
                0x00000000000039dc                __divmodsi4

.text.knobL_read
                0x0000000000003a0a       0x2a
 .text.knobL_read
                0x0000000000003a0a       0x2a build/default/production/_ext/511298643/button.o
                0x0000000000003a0a                knobL_read

.text.twi_start
                0x0000000000003a34       0x2a
 .text.twi_start
                0x0000000000003a34       0x2a build/default/production/_ext/511298643/twi.o
                0x0000000000003a34                twi_start

.text.write     0x0000000000003a5e       0x28
 .text.write    0x0000000000003a5e       0x28 build/default/production/_ext/511298643/Si5351.o

.text.button1_read
                0x0000000000003a86       0x28
 .text.button1_read
                0x0000000000003a86       0x28 build/default/production/_ext/511298643/button.o
                0x0000000000003a86                button1_read

.text.button2_read
                0x0000000000003aae       0x28
 .text.button2_read
                0x0000000000003aae       0x28 build/default/production/_ext/511298643/button.o
                0x0000000000003aae                button2_read

.text.button3_read
                0x0000000000003ad6       0x28
 .text.button3_read
                0x0000000000003ad6       0x28 build/default/production/_ext/511298643/button.o
                0x0000000000003ad6                button3_read

.text.knobR_read
                0x0000000000003afe       0x28
 .text.knobR_read
                0x0000000000003afe       0x28 build/default/production/_ext/511298643/button.o
                0x0000000000003afe                knobR_read

.text.libgcc.div
                0x0000000000003b26       0x28
 .text.libgcc.div
                0x0000000000003b26       0x28 d:/mplab/xc8/avr/bin/../lib/gcc/avr/5.4.0/avr5\libgcc.a(_udivmodhi4.o)
                0x0000000000003b26                __udivmodhi4

.text.libgcc.div
                0x0000000000003b4e       0x28
 .text.libgcc.div
                0x0000000000003b4e       0x28 d:/mplab/xc8/avr/bin/../lib/gcc/avr/5.4.0/avr5\libgcc.a(_divmodhi4.o)
                0x0000000000003b4e                _div
                0x0000000000003b4e                __divmodhi4

.text.twi_init  0x0000000000003b76       0x24
 .text.twi_init
                0x0000000000003b76       0x24 build/default/production/_ext/511298643/twi.o
                0x0000000000003b76                twi_init

.text.__wrap_sprintf
                0x0000000000003b9a       0x24
 .text.__wrap_sprintf
                0x0000000000003b9a       0x24 d:/mplab/xc8/avr/bin/../lib/gcc/avr/5.4.0/../../../../avr/lib/avr5\libc.a(__sio_sprintf_dosux.o)
                0x0000000000003b9a                _sprintf_cdopsuxX

.text.twi_MT_SLA_W
                0x0000000000003bbe       0x22
 .text.twi_MT_SLA_W
                0x0000000000003bbe       0x22 build/default/production/_ext/511298643/twi.o
                0x0000000000003bbe                twi_MT_SLA_W

.text           0x0000000000003be0       0x22
 .text          0x0000000000003be0       0x22 d:/mplab/xc8/avr/bin/../lib/gcc/avr/5.4.0/../../../../avr/lib/avr5\libm.a(fp_round.o)
                0x0000000000003be0                __fp_round

.text.LCD_setCursor
                0x0000000000003c02       0x20
 .text.LCD_setCursor
                0x0000000000003c02       0x20 build/default/production/_ext/511298643/lcd1602.o
                0x0000000000003c02                LCD_setCursor

.text.USART0_Init
                0x0000000000003c22       0x1e
 .text.USART0_Init
                0x0000000000003c22       0x1e build/default/production/_ext/511298643/ft232.o
                0x0000000000003c22                USART0_Init

.text.USART0_SendString
                0x0000000000003c40       0x1e
 .text.USART0_SendString
                0x0000000000003c40       0x1e build/default/production/_ext/511298643/ft232.o
                0x0000000000003c40                USART0_SendString

.text.twi_MR_SLA_R
                0x0000000000003c5e       0x1e
 .text.twi_MR_SLA_R
                0x0000000000003c5e       0x1e build/default/production/_ext/511298643/twi.o
                0x0000000000003c5e                twi_MR_SLA_R

.text.libgcc.mul
                0x0000000000003c7c       0x1e
 .text.libgcc.mul
                0x0000000000003c7c       0x1e d:/mplab/xc8/avr/bin/../lib/gcc/avr/5.4.0/avr5\libgcc.a(_umulhisi3.o)
                0x0000000000003c7c                __umulhisi3

.text.LCD_showString_clear_delay_1s
                0x0000000000003c9a       0x1c
 .text.LCD_showString_clear_delay_1s
                0x0000000000003c9a       0x1c build/default/production/_ext/511298643/lcd1602.o
                0x0000000000003c9a                LCD_showString_clear_delay_1s

.text.strcmp    0x0000000000003cb6       0x1c
 .text.strcmp   0x0000000000003cb6       0x1c d:/mplab/xc8/avr/bin/../lib/gcc/avr/5.4.0/../../../../avr/lib/avr5\libc.a(strcmp.o)
                0x0000000000003cb6                strcmp

.text.strlen    0x0000000000003cd2       0x1c
 .text.strlen   0x0000000000003cd2       0x1c d:/mplab/xc8/avr/bin/../lib/gcc/avr/5.4.0/../../../../avr/lib/avr5\libc.a(strlen.o)
                0x0000000000003cd2                strlen

.text.button_init
                0x0000000000003cee       0x1a
 .text.button_init
                0x0000000000003cee       0x1a build/default/production/_ext/511298643/button.o
                0x0000000000003cee                button_init

.text.LCD_Init  0x0000000000003d08       0x1a
 .text.LCD_Init
                0x0000000000003d08       0x1a build/default/production/_ext/511298643/lcd1602.o
                0x0000000000003d08                LCD_Init

.text.twi_MT_write
                0x0000000000003d22       0x1a
 .text.twi_MT_write
                0x0000000000003d22       0x1a build/default/production/_ext/511298643/twi.o
                0x0000000000003d22                twi_MT_write

.text.twi_MR_read_NACK
                0x0000000000003d3c       0x16
 .text.twi_MR_read_NACK
                0x0000000000003d3c       0x16 build/default/production/_ext/511298643/twi.o
                0x0000000000003d3c                twi_MR_read_NACK

.text.exit      0x0000000000003d52       0x16
 .text.exit     0x0000000000003d52       0x16 d:/mplab/xc8/avr/bin/../lib/gcc/avr/5.4.0/../../../../avr/lib/avr5\libc.a(exit.o)
                0x0000000000003d52                exit

.text.libgcc.mul
                0x0000000000003d68       0x16
 .text.libgcc.mul
                0x0000000000003d68       0x16 d:/mplab/xc8/avr/bin/../lib/gcc/avr/5.4.0/avr5\libgcc.a(_muluhisi3.o)
                0x0000000000003d68                __muluhisi3

.text.LCD_showChar
                0x0000000000003d7e       0x12
 .text.LCD_showChar
                0x0000000000003d7e       0x12 build/default/production/_ext/511298643/lcd1602.o
                0x0000000000003d7e                LCD_showChar

.text.twi_repeat_start
                0x0000000000003d90       0x12
 .text.twi_repeat_start
                0x0000000000003d90       0x12 build/default/production/_ext/511298643/twi.o
                0x0000000000003d90                twi_repeat_start

.text.toupper   0x0000000000003da2       0x12
 .text.toupper  0x0000000000003da2       0x12 d:/mplab/xc8/avr/bin/../lib/gcc/avr/5.4.0/../../../../avr/lib/avr5\libc.a(toupper.o)
                0x0000000000003da2                toupper

.text.enable_clocks
                0x0000000000003db4       0x10
 .text.enable_clocks
                0x0000000000003db4       0x10 build/default/production/_ext/511298643/Si5351.o
                0x0000000000003db4                enable_clocks

.text.USART0_Transmit
                0x0000000000003dc4       0x10
 .text.USART0_Transmit
                0x0000000000003dc4       0x10 build/default/production/_ext/511298643/ft232.o
                0x0000000000003dc4                USART0_Transmit

.text.USART0_Receive
                0x0000000000003dd4       0x10
 .text.USART0_Receive
                0x0000000000003dd4       0x10 build/default/production/_ext/511298643/ft232.o
                0x0000000000003dd4                USART0_Receive

.text.libgcc.div
                0x0000000000003de4       0x10
 .text.libgcc.div
                0x0000000000003de4       0x10 d:/mplab/xc8/avr/bin/../lib/gcc/avr/5.4.0/avr5\libgcc.a(_negsi2.o)
                0x0000000000003de4                __negsi2

.text.tolower   0x0000000000003df4       0x10
 .text.tolower  0x0000000000003df4       0x10 d:/mplab/xc8/avr/bin/../lib/gcc/avr/5.4.0/../../../../avr/lib/avr5\libc.a(tolower.o)
                0x0000000000003df4                tolower

.text.LCD_regInit
                0x0000000000003e04        0xe
 .text.LCD_regInit
                0x0000000000003e04        0xe build/default/production/_ext/511298643/lcd1602.o
                0x0000000000003e04                LCD_regInit

.text           0x0000000000003e12        0xe
 .text          0x0000000000003e12        0xe d:/mplab/xc8/avr/bin/../lib/gcc/avr/5.4.0/../../../../avr/lib/avr5\libm.a(addsf3.o)
                0x0000000000003e12                __subsf3
                0x0000000000003e14                __addsf3

.text           0x0000000000003e20        0xe
 .text          0x0000000000003e20        0xe d:/mplab/xc8/avr/bin/../lib/gcc/avr/5.4.0/../../../../avr/lib/avr5\libm.a(fp_pscA.o)
                0x0000000000003e20                __fp_pscA

.text           0x0000000000003e2e        0xe
 .text          0x0000000000003e2e        0xe d:/mplab/xc8/avr/bin/../lib/gcc/avr/5.4.0/../../../../avr/lib/avr5\libm.a(fp_pscB.o)
                0x0000000000003e2e                __fp_pscB

.text           0x0000000000003e3c        0xe
 .text          0x0000000000003e3c        0xe d:/mplab/xc8/avr/bin/../lib/gcc/avr/5.4.0/../../../../avr/lib/avr5\libm.a(fp_zero.o)
                0x0000000000003e3c                __fp_zero
                0x0000000000003e3e                __fp_szero

.text.__vsprintf
                0x0000000000003e4a        0xe
 .text.__vsprintf
                0x0000000000003e4a        0xe d:/mplab/xc8/avr/bin/../lib/gcc/avr/5.4.0/../../../../avr/lib/avr5\libc.a(__int_vsprintf.o)
                0x0000000000003e4a                __vsprintf

.text           0x0000000000003e58        0xc
 .text          0x0000000000003e58        0xc d:/mplab/xc8/avr/bin/../lib/gcc/avr/5.4.0/../../../../avr/lib/avr5\libm.a(fp_inf.o)
                0x0000000000003e58                __fp_inf

.text.libgcc    0x0000000000003e64        0xc
 .text.libgcc   0x0000000000003e64        0xc d:/mplab/xc8/avr/bin/../lib/gcc/avr/5.4.0/avr5\libgcc.a(_tablejump2.o)
                0x0000000000003e64                __tablejump2__

.text.reset_pll
                0x0000000000003e70        0xa
 .text.reset_pll
                0x0000000000003e70        0xa build/default/production/_ext/511298643/Si5351.o
                0x0000000000003e70                reset_pll

.text           0x0000000000003e7a        0xa
 .text          0x0000000000003e7a        0xa d:/mplab/xc8/avr/bin/../lib/gcc/avr/5.4.0/../../../../avr/lib/avr5\libm.a(cmpsf2.o)
                0x0000000000003e7a                __nesf2
                0x0000000000003e7a                __eqsf2
                0x0000000000003e7a                __cmpsf2
                0x0000000000003e7a                __ltsf2
                0x0000000000003e7a                __lesf2

.text           0x0000000000003e84        0xa
 .text          0x0000000000003e84        0xa d:/mplab/xc8/avr/bin/../lib/gcc/avr/5.4.0/../../../../avr/lib/avr5\libm.a(gesf2.o)
                0x0000000000003e84                __gesf2
                0x0000000000003e84                __gtsf2

.text.LCD_Clear_screen
                0x0000000000003e8e        0x8
 .text.LCD_Clear_screen
                0x0000000000003e8e        0x8 build/default/production/_ext/511298643/lcd1602.o
                0x0000000000003e8e                LCD_Clear_screen

.text.twi_stop  0x0000000000003e96        0x8
 .text.twi_stop
                0x0000000000003e96        0x8 build/default/production/_ext/511298643/twi.o
                0x0000000000003e96                twi_stop

.text           0x0000000000003e9e        0x8
 .text          0x0000000000003e9e        0x8 d:/mplab/xc8/avr/bin/../lib/gcc/avr/5.4.0/../../../../avr/lib/avr5\libm.a(divsf3.o)
                0x0000000000003e9e                __divsf3

.text           0x0000000000003ea6        0x8
 .text          0x0000000000003ea6        0x8 d:/mplab/xc8/avr/bin/../lib/gcc/avr/5.4.0/../../../../avr/lib/avr5\libm.a(mulsf3.o)
                0x0000000000003ea6                __mulsf3

.text           0x0000000000003eae        0x6
 .text          0x0000000000003eae        0x6 d:/mplab/xc8/avr/bin/../lib/gcc/avr/5.4.0/../../../../avr/lib/avr5\libm.a(fp_nan.o)
                0x0000000000003eae                __fp_nan

.text           0x0000000000003eb4        0x4
 .text          0x0000000000003eb4        0x4 D:/MPLAB/xc8/dfp/xc8/avr/lib/avr5/crtatmega324pb.o
                0x0000000000003eb4                __vector_38
                0x0000000000003eb4                __vector_22
                0x0000000000003eb4                __vector_28
                0x0000000000003eb4                __vector_1
                0x0000000000003eb4                __vector_32
                0x0000000000003eb4                __vector_34
                0x0000000000003eb4                __vector_24
                0x0000000000003eb4                __vector_12
                0x0000000000003eb4                __vector_46
                0x0000000000003eb4                __bad_interrupt
                0x0000000000003eb4                __vector_31
                0x0000000000003eb4                __vector_35
                0x0000000000003eb4                __vector_39
                0x0000000000003eb4                __vector_3
                0x0000000000003eb4                __vector_23
                0x0000000000003eb4                __vector_30
                0x0000000000003eb4                __vector_45
                0x0000000000003eb4                __vector_25
                0x0000000000003eb4                __vector_11
                0x0000000000003eb4                __vector_13
                0x0000000000003eb4                __vector_17
                0x0000000000003eb4                __vector_19
                0x0000000000003eb4                __vector_7
                0x0000000000003eb4                __vector_49
                0x0000000000003eb4                __vector_41
                0x0000000000003eb4                __vector_43
                0x0000000000003eb4                __vector_27
                0x0000000000003eb4                __vector_5
                0x0000000000003eb4                __vector_33
                0x0000000000003eb4                __vector_47
                0x0000000000003eb4                __vector_37
                0x0000000000003eb4                __vector_44
                0x0000000000003eb4                __vector_9
                0x0000000000003eb4                __vector_2
                0x0000000000003eb4                __vector_21
                0x0000000000003eb4                __vector_15
                0x0000000000003eb4                __vector_36
                0x0000000000003eb4                __vector_29
                0x0000000000003eb4                __vector_40
                0x0000000000003eb4                __vector_8
                0x0000000000003eb4                __vector_26
                0x0000000000003eb4                __vector_48
                0x0000000000003eb4                __vector_14
                0x0000000000003eb4                __vector_10
                0x0000000000003eb4                __vector_50
                0x0000000000003eb4                __vector_16
                0x0000000000003eb4                __vector_18
                0x0000000000003eb4                __vector_20
                0x0000000000003eb4                __vector_42

.text.fabsf     0x0000000000003eb8        0x4
 .text.fabsf    0x0000000000003eb8        0x4 d:/mplab/xc8/avr/bin/../lib/gcc/avr/5.4.0/../../../../avr/lib/avr5\libm.a(fabsf.o)
                0x0000000000003eb8                fabsf

.text._Exit     0x0000000000003ebc        0x4
 .text._Exit    0x0000000000003ebc        0x4 d:/mplab/xc8/avr/bin/../lib/gcc/avr/5.4.0/../../../../avr/lib/avr5\libc.a(_Exit.o)
                0x0000000000003ebc                _Exit

.text.__dummy_fini
                0x0000000000003ec0        0x2
 .text.__dummy_fini
                0x0000000000003ec0        0x2 d:/mplab/xc8/avr/bin/../lib/gcc/avr/5.4.0/../../../../avr/lib/avr5\libc.a(exit.o)
                0x0000000000003ec0                _fini

.text.__dummy_funcs_on_exit
                0x0000000000003ec2        0x2
 .text.__dummy_funcs_on_exit
                0x0000000000003ec2        0x2 d:/mplab/xc8/avr/bin/../lib/gcc/avr/5.4.0/../../../../avr/lib/avr5\libc.a(exit.o)
                0x0000000000003ec2                __funcs_on_exit

.text.__dummy_simulator_exit
                0x0000000000003ec4        0x2
 .text.__dummy_simulator_exit
                0x0000000000003ec4        0x2 d:/mplab/xc8/avr/bin/../lib/gcc/avr/5.4.0/../../../../avr/lib/avr5\libc.a(exit.o)
                0x0000000000003ec4                __simulator_exit

.rodata         0x0000000000800102      0x18a load address 0x0000000000003ec6
 .rodata        0x0000000000800102      0x18a build/default/production/_ext/511298643/ft232.o

.rodata         0x000000000080028c      0x165 load address 0x0000000000004050
 .rodata        0x000000000080028c      0x165 build/default/production/_ext/511298643/main.o

.rodata.state_table
                0x0000000000800431       0x16 load address 0x00000000000041b5
 .rodata.state_table
                0x0000000000800431       0x16 d:/mplab/xc8/avr/bin/../lib/gcc/avr/5.4.0/../../../../avr/lib/avr5\libc.a(__printf_core.o)

.rodata.dp_l    0x0000000000800453        0x8 load address 0x00000000000041cb
 .rodata.dp_l   0x0000000000800453        0x8 d:/mplab/xc8/avr/bin/../lib/gcc/avr/5.4.0/../../../../avr/lib/avr5\libm.a(powf.o)

.rodata.dp_h    0x000000000080045b        0x8 load address 0x00000000000041d3
 .rodata.dp_h   0x000000000080045b        0x8 d:/mplab/xc8/avr/bin/../lib/gcc/avr/5.4.0/../../../../avr/lib/avr5\libm.a(powf.o)

.rodata.bp      0x0000000000800463        0x8 load address 0x00000000000041db
 .rodata.bp     0x0000000000800463        0x8 d:/mplab/xc8/avr/bin/../lib/gcc/avr/5.4.0/../../../../avr/lib/avr5\libm.a(powf.o)

.rodata.nuls.2781
                0x000000000080046b        0x7 load address 0x00000000000041e3
 .rodata.nuls.2781
                0x000000000080046b        0x7 d:/mplab/xc8/avr/bin/../lib/gcc/avr/5.4.0/../../../../avr/lib/avr5\libc.a(__fmt_s.o)

.rodata.nilstr.2962
                0x0000000000800472        0x6 load address 0x00000000000041ea
 .rodata.nilstr.2962
                0x0000000000800472        0x6 d:/mplab/xc8/avr/bin/../lib/gcc/avr/5.4.0/../../../../avr/lib/avr5\libc.a(__printf_core.o)

.data.RX        0x0000000000800482        0x2 load address 0x00000000000041f0
 .data.RX       0x0000000000800482        0x2 build/default/production/_ext/511298643/main.o
                0x0000000000800482                RX

.data.TX        0x0000000000800484        0x2 load address 0x00000000000041f2
 .data.TX       0x0000000000800484        0x2 build/default/production/_ext/511298643/main.o
                0x0000000000800484                TX

.data.modeselection
                0x0000000000800486        0x2 load address 0x00000000000041f4
 .data.modeselection
                0x0000000000800486        0x2 build/default/production/_ext/511298643/main.o
                0x0000000000800486                modeselection

.data.KHz       0x0000000000800488        0x2 load address 0x00000000000041f6
 .data.KHz      0x0000000000800488        0x2 build/default/production/_ext/511298643/main.o
                0x0000000000800488                KHz

.data.MHz       0x000000000080048a        0x2 load address 0x00000000000041f8
 .data.MHz      0x000000000080048a        0x2 build/default/production/_ext/511298643/main.o
                0x000000000080048a                MHz

.data.frequency
                0x000000000080048c        0x2 load address 0x00000000000041fa
 .data.frequency
                0x000000000080048c        0x2 build/default/production/_ext/511298643/main.o
                0x000000000080048c                frequency

.data.space     0x000000000080049a        0x1 load address 0x00000000000041fc
 .data.space    0x000000000080049a        0x1 build/default/production/_ext/511298643/main.o
                0x000000000080049a                space
